Archive member included because of file (symbol)

/Applications/Simplicity Studio.app/Contents/Eclipse/developer/toolchains/gnu_arm/4.9_2015q3/bin/../lib/gcc/arm-none-eabi/4.9.3/../../../../arm-none-eabi/lib/armv7e-m/softfp/libm.a(lib_a-s_floor.o)
                              ./src/epsilometer_AUX.o (floor)
/Applications/Simplicity Studio.app/Contents/Eclipse/developer/toolchains/gnu_arm/4.9_2015q3/bin/../lib/gcc/arm-none-eabi/4.9.3/../../../../arm-none-eabi/lib/armv7e-m/softfp/libm.a(lib_a-s_round.o)
                              ./Calendar/clock_tc.o (round)
/Applications/Simplicity Studio.app/Contents/Eclipse/developer/toolchains/gnu_arm/4.9_2015q3/bin/../lib/gcc/arm-none-eabi/4.9.3/armv7e-m/softfp/libgcc.a(_arm_addsubdf3.o)
                              ./Calendar/clock_tc.o (__aeabi_dsub)
/Applications/Simplicity Studio.app/Contents/Eclipse/developer/toolchains/gnu_arm/4.9_2015q3/bin/../lib/gcc/arm-none-eabi/4.9.3/armv7e-m/softfp/libgcc.a(_arm_muldivdf3.o)
                              ./src/epsilometer_menu.o (__aeabi_dmul)
/Applications/Simplicity Studio.app/Contents/Eclipse/developer/toolchains/gnu_arm/4.9_2015q3/bin/../lib/gcc/arm-none-eabi/4.9.3/armv7e-m/softfp/libgcc.a(_arm_cmpdf2.o)
                              /Applications/Simplicity Studio.app/Contents/Eclipse/developer/toolchains/gnu_arm/4.9_2015q3/bin/../lib/gcc/arm-none-eabi/4.9.3/../../../../arm-none-eabi/lib/armv7e-m/softfp/libm.a(lib_a-s_floor.o) (__aeabi_dcmpgt)
/Applications/Simplicity Studio.app/Contents/Eclipse/developer/toolchains/gnu_arm/4.9_2015q3/bin/../lib/gcc/arm-none-eabi/4.9.3/armv7e-m/softfp/libgcc.a(_arm_fixdfsi.o)
                              ./Calendar/clock_tc.o (__aeabi_d2iz)
/Applications/Simplicity Studio.app/Contents/Eclipse/developer/toolchains/gnu_arm/4.9_2015q3/bin/../lib/gcc/arm-none-eabi/4.9.3/armv7e-m/softfp/libgcc.a(_arm_fixunsdfsi.o)
                              ./src/epsilometer_AUX.o (__aeabi_d2uiz)
/Applications/Simplicity Studio.app/Contents/Eclipse/developer/toolchains/gnu_arm/4.9_2015q3/bin/../lib/gcc/arm-none-eabi/4.9.3/armv7e-m/softfp/libgcc.a(_aeabi_uldivmod.o)
                              ./FatFS/src/ff.o (__aeabi_uldivmod)
/Applications/Simplicity Studio.app/Contents/Eclipse/developer/toolchains/gnu_arm/4.9_2015q3/bin/../lib/gcc/arm-none-eabi/4.9.3/armv7e-m/softfp/libgcc.a(bpabi.o)
                              /Applications/Simplicity Studio.app/Contents/Eclipse/developer/toolchains/gnu_arm/4.9_2015q3/bin/../lib/gcc/arm-none-eabi/4.9.3/armv7e-m/softfp/libgcc.a(_aeabi_uldivmod.o) (__gnu_uldivmod_helper)
/Applications/Simplicity Studio.app/Contents/Eclipse/developer/toolchains/gnu_arm/4.9_2015q3/bin/../lib/gcc/arm-none-eabi/4.9.3/armv7e-m/softfp/libgcc.a(_dvmd_tls.o)
                              /Applications/Simplicity Studio.app/Contents/Eclipse/developer/toolchains/gnu_arm/4.9_2015q3/bin/../lib/gcc/arm-none-eabi/4.9.3/armv7e-m/softfp/libgcc.a(_aeabi_uldivmod.o) (__aeabi_ldiv0)
/Applications/Simplicity Studio.app/Contents/Eclipse/developer/toolchains/gnu_arm/4.9_2015q3/bin/../lib/gcc/arm-none-eabi/4.9.3/armv7e-m/softfp/libgcc.a(_divdi3.o)
                              /Applications/Simplicity Studio.app/Contents/Eclipse/developer/toolchains/gnu_arm/4.9_2015q3/bin/../lib/gcc/arm-none-eabi/4.9.3/armv7e-m/softfp/libgcc.a(bpabi.o) (__divdi3)
/Applications/Simplicity Studio.app/Contents/Eclipse/developer/toolchains/gnu_arm/4.9_2015q3/bin/../lib/gcc/arm-none-eabi/4.9.3/armv7e-m/softfp/libgcc.a(_udivdi3.o)
                              /Applications/Simplicity Studio.app/Contents/Eclipse/developer/toolchains/gnu_arm/4.9_2015q3/bin/../lib/gcc/arm-none-eabi/4.9.3/armv7e-m/softfp/libgcc.a(bpabi.o) (__udivdi3)
/Applications/Simplicity Studio.app/Contents/Eclipse/developer/toolchains/gnu_arm/4.9_2015q3/bin/../lib/gcc/arm-none-eabi/4.9.3/../../../../arm-none-eabi/lib/armv7e-m/softfp/libc_nano.a(lib_a-abs.o)
                              ./Calendar/clock_tc.o (abs)
/Applications/Simplicity Studio.app/Contents/Eclipse/developer/toolchains/gnu_arm/4.9_2015q3/bin/../lib/gcc/arm-none-eabi/4.9.3/../../../../arm-none-eabi/lib/armv7e-m/softfp/libc_nano.a(lib_a-ctime_r.o)
                              ./src/epsilometer_SDcard.o (ctime_r)
/Applications/Simplicity Studio.app/Contents/Eclipse/developer/toolchains/gnu_arm/4.9_2015q3/bin/../lib/gcc/arm-none-eabi/4.9.3/../../../../arm-none-eabi/lib/armv7e-m/softfp/libc_nano.a(lib_a-exit.o)
                              /Applications/Simplicity Studio.app/Contents/Eclipse/developer/toolchains/gnu_arm/4.9_2015q3/bin/../lib/gcc/arm-none-eabi/4.9.3/../../../../arm-none-eabi/lib/armv7e-m/softfp/crt0.o (exit)
/Applications/Simplicity Studio.app/Contents/Eclipse/developer/toolchains/gnu_arm/4.9_2015q3/bin/../lib/gcc/arm-none-eabi/4.9.3/../../../../arm-none-eabi/lib/armv7e-m/softfp/libc_nano.a(lib_a-gmtime_r.o)
                              ./src/epsilometer_SDcard.o (gmtime_r)
[...]
Memory Configuration

Name             Origin             Length             Attributes
FLASH            0x0000000000000000 0x0000000000040000 xr
RAM              0x0000000020000000 0x0000000000008000 xrw
*default*        0x0000000000000000 0xffffffffffffffff

Linker script and memory map

LOAD /Applications/Simplicity Studio.app/Contents/Eclipse/developer/toolchains/gnu_arm/4.9_2015q3/bin/../lib/gcc/arm-none-eabi/4.9.3/armv7e-m/softfp/crti.o
LOAD /Applications/Simplicity Studio.app/Contents/Eclipse/developer/toolchains/gnu_arm/4.9_2015q3/bin/../lib/gcc/arm-none-eabi/4.9.3/armv7e-m/softfp/crtbegin.o
LOAD /Applications/Simplicity Studio.app/Contents/Eclipse/developer/toolchains/gnu_arm/4.9_2015q3/bin/../lib/gcc/arm-none-eabi/4.9.3/../../../../arm-none-eabi/lib/armv7e-m/softfp/crt0.o
LOAD ./CMSIS/EFM32WG/startup_efm32wg.o
LOAD ./CMSIS/EFM32WG/system_efm32wg.o
LOAD ./Calendar/clock_tc.o
LOAD ./Calendar/crystal_parameters.o
LOAD ./Calendar/main_calendar_tc.o
LOAD ./FatFS/silabs_diskio.o
LOAD ./FatFS/src/ff.o
LOAD ./FatFS/src/option/syscall.o
LOAD ./FatFS/src/option/unicode.o
LOAD ./emlib/dmactrl.o
LOAD ./emlib/dmadrv.o
LOAD ./emlib/em_adc.o
LOAD ./emlib/em_cmu.o
LOAD ./emlib/em_core.o
LOAD ./emlib/em_dma.o
LOAD ./emlib/em_emu.o
LOAD ./emlib/em_gpio.o
LOAD ./emlib/em_int.o
LOAD ./emlib/em_leuart.o
LOAD ./emlib/em_rtc.o
LOAD ./emlib/em_system.o
LOAD ./emlib/em_timer.o
LOAD ./emlib/em_usart.o
LOAD ./emlib/microsd.o
LOAD ./src/epilometer_sampling.o
LOAD ./src/epsilometer_AUX.o
LOAD ./src/epsilometer_CMU_init.o
LOAD ./src/epsilometer_DMA.o
LOAD ./src/epsilometer_GPIO_init.o
LOAD ./src/epsilometer_SDcard.o
LOAD ./src/epsilometer_TIMER_init.o
LOAD ./src/epsilometer_analog.o
LOAD ./src/epsilometer_coms.o
LOAD ./src/epsilometer_main.o
LOAD ./src/epsilometer_menu.o
LOAD /Applications/Simplicity Studio.app/Contents/Eclipse/developer/toolchains/gnu_arm/4.9_2015q3/bin/../lib/gcc/arm-none-eabi/4.9.3/../../../../arm-none-eabi/lib/armv7e-m/softfp/libm.a
START GROUP
LOAD /Applications/Simplicity Studio.app/Contents/Eclipse/developer/toolchains/gnu_arm/4.9_2015q3/bin/../lib/gcc/arm-none-eabi/4.9.3/armv7e-m/softfp/libgcc.a
LOAD /Applications/Simplicity Studio.app/Contents/Eclipse/developer/toolchains/gnu_arm/4.9_2015q3/bin/../lib/gcc/arm-none-eabi/4.9.3/../../../../arm-none-eabi/lib/armv7e-m/softfp/libc_nano.a
LOAD /Applications/Simplicity Studio.app/Contents/Eclipse/developer/toolchains/gnu_arm/4.9_2015q3/bin/../lib/gcc/arm-none-eabi/4.9.3/../../../../arm-none-eabi/lib/armv7e-m/softfp/libnosys.a
END GROUP
START GROUP
LOAD /Applications/Simplicity Studio.app/Contents/Eclipse/developer/toolchains/gnu_arm/4.9_2015q3/bin/../lib/gcc/arm-none-eabi/4.9.3/armv7e-m/softfp/libgcc.a
LOAD /Applications/Simplicity Studio.app/Contents/Eclipse/developer/toolchains/gnu_arm/4.9_2015q3/bin/../lib/gcc/arm-none-eabi/4.9.3/../../../../arm-none-eabi/lib/armv7e-m/softfp/libg_nano.a
LOAD /Applications/Simplicity Studio.app/Contents/Eclipse/developer/toolchains/gnu_arm/4.9_2015q3/bin/../lib/gcc/arm-none-eabi/4.9.3/../../../../arm-none-eabi/lib/armv7e-m/softfp/libc_nano.a
END GROUP
START GROUP
LOAD /Applications/Simplicity Studio.app/Contents/Eclipse/developer/toolchains/gnu_arm/4.9_2015q3/bin/../lib/gcc/arm-none-eabi/4.9.3/armv7e-m/softfp/libgcc.a
LOAD /Applications/Simplicity Studio.app/Contents/Eclipse/developer/toolchains/gnu_arm/4.9_2015q3/bin/../lib/gcc/arm-none-eabi/4.9.3/../../../../arm-none-eabi/lib/armv7e-m/softfp/libc_nano.a
END GROUP
LOAD /Applications/Simplicity Studio.app/Contents/Eclipse/developer/toolchains/gnu_arm/4.9_2015q3/bin/../lib/gcc/arm-none-eabi/4.9.3/armv7e-m/softfp/crtend.o
LOAD /Applications/Simplicity Studio.app/Contents/Eclipse/developer/toolchains/gnu_arm/4.9_2015q3/bin/../lib/gcc/arm-none-eabi/4.9.3/armv7e-m/softfp/crtn.o

.text           0x0000000000000000     0xea4c
 *(.vectors)
 .vectors       0x0000000000000000       0xe0 ./CMSIS/EFM32WG/startup_efm32wg.o
                0x0000000000000000                __Vectors
                0x00000000000000e0                __Vectors_End = .
                0x00000000000000e0                __Vectors_Size = (__Vectors_End - __Vectors)
                0x00000000000000e0                __end__ = .
 *(.text*)
 .text          0x00000000000000e0       0x5c /Applications/Simplicity Studio.app/Contents/Eclipse/developer/toolchains/gnu_arm/4.9_2015q3/bin/../lib/gcc/arm-none-eabi/4.9.3/armv7e-m/softfp/crtbegin.o
 .text          0x000000000000013c       0x74 /Applications/Simplicity Studio.app/Contents/Eclipse/developer/toolchains/gnu_arm/4.9_2015q3/bin/../lib/gcc/arm-none-eabi/4.9.3/../../../../arm-none-eabi/lib/armv7e-m/softfp/crt0.o
                0x000000000000013c                _mainCRTStartup
                0x000000000000013c                _start
 .text          0x00000000000001b0       0x30 ./CMSIS/EFM32WG/startup_efm32wg.o
                0x00000000000001b0                Reset_Handler
                0x00000000000001dc                DebugMon_Handler
                0x00000000000001dc                USART0_TX_IRQHandler
                0x00000000000001dc                I2C0_IRQHandler
                0x00000000000001dc                HardFault_Handler
                0x00000000000001dc                LEUART1_IRQHandler
                0x00000000000001dc                SysTick_Handler
                0x00000000000001dc                USART1_RX_IRQHandler
                0x00000000000001dc                PendSV_Handler
                0x00000000000001dc                NMI_Handler
                0x00000000000001dc                I2C1_IRQHandler
                0x00000000000001dc                TIMER3_IRQHandler
                0x00000000000001dc                MSC_IRQHandler
                0x00000000000001dc                UsageFault_Handler
                0x00000000000001dc                FPUEH_IRQHandler
                0x00000000000001dc                GPIO_EVEN_IRQHandler
                0x00000000000001dc                UART0_TX_IRQHandler
                0x00000000000001dc                UART1_TX_IRQHandler
                0x00000000000001dc                TIMER0_IRQHandler
                0x00000000000001dc                LCD_IRQHandler
                0x00000000000001dc                PCNT2_IRQHandler
                0x00000000000001dc                UART0_RX_IRQHandler
                0x00000000000001dc                LETIMER0_IRQHandler
                0x00000000000001dc                TIMER1_IRQHandler
                0x00000000000001dc                USART2_RX_IRQHandler
                0x00000000000001dc                Default_Handler
                0x00000000000001dc                EMU_IRQHandler
                0x00000000000001dc                PCNT0_IRQHandler
                0x00000000000001dc                USB_IRQHandler
                0x00000000000001dc                BURTC_IRQHandler
                0x00000000000001dc                PCNT1_IRQHandler
                0x00000000000001dc                ACMP0_IRQHandler
                0x00000000000001dc                USART0_RX_IRQHandler
                0x00000000000001dc                MemManage_Handler
                0x00000000000001dc                SVC_Handler
                0x00000000000001dc                DAC0_IRQHandler
                0x00000000000001dc                UART1_RX_IRQHandler
                0x00000000000001dc                EBI_IRQHandler
                0x00000000000001dc                LESENSE_IRQHandler
                0x00000000000001dc                AES_IRQHandler
                0x00000000000001dc                VCMP_IRQHandler
                0x00000000000001dc                BusFault_Handler
                0x00000000000001dc                TIMER2_IRQHandler
                0x00000000000001dc                USART2_TX_IRQHandler
 .text.GetProdRev
                0x00000000000001e0       0x1c ./CMSIS/EFM32WG/system_efm32wg.o
 .text.SystemCoreClockGet
                0x00000000000001fc       0x34 ./CMSIS/EFM32WG/system_efm32wg.o
                0x00000000000001fc                SystemCoreClockGet
 .text.SystemMaxCoreClockGet
                0x0000000000000230       0x14 ./CMSIS/EFM32WG/system_efm32wg.o
                0x0000000000000230                SystemMaxCoreClockGet
 .text.SystemHFClockGet
                0x0000000000000244      0x100 ./CMSIS/EFM32WG/system_efm32wg.o
                0x0000000000000244                SystemHFClockGet
 .text.SystemHFXOClockGet
                0x0000000000000344       0x18 ./CMSIS/EFM32WG/system_efm32wg.o
                0x0000000000000344                SystemHFXOClockGet
 .text.SystemInit
                0x000000000000035c       0x20 ./CMSIS/EFM32WG/system_efm32wg.o
                0x000000000000035c                SystemInit
 .text.SystemLFRCOClockGet
                0x000000000000037c       0x14 ./CMSIS/EFM32WG/system_efm32wg.o
                0x000000000000037c                SystemLFRCOClockGet
 .text.SystemULFRCOClockGet
                0x0000000000000390       0x14 ./CMSIS/EFM32WG/system_efm32wg.o
                0x0000000000000390                SystemULFRCOClockGet
 .text.SystemLFXOClockGet
                0x00000000000003a4       0x18 ./CMSIS/EFM32WG/system_efm32wg.o
                0x00000000000003a4                SystemLFXOClockGet
 .text.NVIC_EnableIRQ
                0x00000000000003bc       0x30 ./Calendar/clock_tc.o
 .text.ADC_DataSingleGet
                0x00000000000003ec       0x18 ./Calendar/clock_tc.o
 .text.ADC_IntClear
                0x0000000000000404       0x1c ./Calendar/clock_tc.o
 .text.ADC_IntEnable
                0x0000000000000420       0x20 ./Calendar/clock_tc.o
 .text.ADC_Start
                0x0000000000000440       0x1c ./Calendar/clock_tc.o
 .text.EMU_EnterEM1
                0x000000000000045c       0x20 ./Calendar/clock_tc.o
 .text.INT_Disable
                0x000000000000047c       0x2c ./Calendar/clock_tc.o
 .text.INT_Enable
                0x00000000000004a8       0x3c ./Calendar/clock_tc.o
 .text.time     0x00000000000004e4       0x94 ./Calendar/clock_tc.o
                0x00000000000004e4                time
 .text.clockInit
                0x0000000000000578       0x78 ./Calendar/clock_tc.o
                0x0000000000000578                clockInit
 .text.clockSetStartCalendar
                0x00000000000005f0       0x20 ./Calendar/clock_tc.o
                0x00000000000005f0                clockSetStartCalendar
 .text.clockOverflow
                0x0000000000000610       0x20 ./Calendar/clock_tc.o
                0x0000000000000610                clockOverflow
 .text.clockTempSensorInit
                0x0000000000000630       0xc8 ./Calendar/clock_tc.o
 .text.clockReadThermometer
                0x00000000000006f8       0xc4 ./Calendar/clock_tc.o
 .text.clockDoTemperatureCompensation
                0x00000000000007bc       0xd8 ./Calendar/clock_tc.o
                0x00000000000007bc                clockDoTemperatureCompensation
 .text.ADC0_IRQHandler
                0x0000000000000894       0x14 ./Calendar/clock_tc.o
                0x0000000000000894                ADC0_IRQHandler
 .text.NVIC_EnableIRQ
                0x00000000000008a8       0x30 ./Calendar/main_calendar_tc.o
 .text.NVIC_ClearPendingIRQ
                0x00000000000008d8       0x34 ./Calendar/main_calendar_tc.o
 .text.RTC_IntClear
                0x000000000000090c       0x1c ./Calendar/main_calendar_tc.o
 .text.RTC_IntEnable
                0x0000000000000928       0x24 ./Calendar/main_calendar_tc.o
 .text.RTC_IntGet
                0x000000000000094c       0x18 ./Calendar/main_calendar_tc.o
 .text.main_calendar_setup
                0x0000000000000964       0x40 ./Calendar/main_calendar_tc.o
                0x0000000000000964                main_calendar_setup
 .text.rtcSetup
                0x00000000000009a4       0x70 ./Calendar/main_calendar_tc.o
                0x00000000000009a4                rtcSetup
 .text.RTC_IRQHandler
                0x0000000000000a14       0x50 ./Calendar/main_calendar_tc.o
                0x0000000000000a14                RTC_IRQHandler
 .text.disk_status
                0x0000000000000a64       0x28 ./FatFS/silabs_diskio.o
                0x0000000000000a64                disk_status
 .text.disk_initialize
                0x0000000000000a8c      0x1cc ./FatFS/silabs_diskio.o
                0x0000000000000a8c                disk_initialize
 .text.disk_read
                0x0000000000000c58       0xc8 ./FatFS/silabs_diskio.o
                0x0000000000000c58                disk_read
 .text.disk_write
                0x0000000000000d20       0xf4 ./FatFS/silabs_diskio.o
                0x0000000000000d20                disk_write
 .text.disk_ioctl
                0x0000000000000e14      0x32c ./FatFS/silabs_diskio.o
                0x0000000000000e14                disk_ioctl
 .text.ld_word  0x0000000000001140       0x30 ./FatFS/src/ff.o
 .text.ld_dword
                0x0000000000001170       0x48 ./FatFS/src/ff.o
 .text.ld_qword
                0x00000000000011b8      0x170 ./FatFS/src/ff.o
 .text.st_word  0x0000000000001328       0x34 ./FatFS/src/ff.o
 .text.st_dword
                0x000000000000135c       0x58 ./FatFS/src/ff.o
 .text.st_qword
                0x00000000000013b4      0x120 ./FatFS/src/ff.o
 .text.mem_cpy  0x00000000000014d4       0x40 ./FatFS/src/ff.o
 .text.mem_set  0x0000000000001514       0x34 ./FatFS/src/ff.o
 .text.mem_cmp  0x0000000000001548       0x50 ./FatFS/src/ff.o
 .text.chk_chr  0x0000000000001598       0x38 ./FatFS/src/ff.o
 .text.sync_window
                0x00000000000015d0       0x8c ./FatFS/src/ff.o
 .text.move_window
                0x000000000000165c       0x5c ./FatFS/src/ff.o
 .text.sync_fs  0x00000000000016b8       0xdc ./FatFS/src/ff.o
 .text.clust2sect
                0x0000000000001794       0x40 ./FatFS/src/ff.o
 .text.get_fat  0x00000000000017d4      0x208 ./FatFS/src/ff.o
 .text.put_fat  0x00000000000019dc      0x1d4 ./FatFS/src/ff.o
 .text.find_bitmap
                0x0000000000001bb0       0xf8 ./FatFS/src/ff.o
 .text.change_bitmap
                0x0000000000001ca8       0xd4 ./FatFS/src/ff.o
 .text.fill_fat_chain
                0x0000000000001d7c       0x60 ./FatFS/src/ff.o
 .text.remove_chain
                0x0000000000001ddc      0x168 ./FatFS/src/ff.o
 .text.create_chain
                0x0000000000001f44      0x1c8 ./FatFS/src/ff.o
 .text.dir_sdi  0x000000000000210c      0x10c ./FatFS/src/ff.o
 .text.dir_next
                0x0000000000002218      0x1a8 ./FatFS/src/ff.o
 .text.dir_alloc
                0x00000000000023c0       0xb8 ./FatFS/src/ff.o
 .text.ld_clust
                0x0000000000002478       0x40 ./FatFS/src/ff.o
 .text.st_clust
                0x00000000000024b8       0x40 ./FatFS/src/ff.o
 .text.cmp_lfn  0x00000000000024f8       0xe0 ./FatFS/src/ff.o
 .text.pick_lfn
                0x00000000000025d8       0xc8 ./FatFS/src/ff.o
 .text.put_lfn  0x00000000000026a0       0xcc ./FatFS/src/ff.o
 .text.gen_numname
                0x000000000000276c      0x11c ./FatFS/src/ff.o
 .text.sum_sfn  0x0000000000002888       0x44 ./FatFS/src/ff.o
 .text.xdir_sum
                0x00000000000028cc       0x74 ./FatFS/src/ff.o
 .text.xname_sum
                0x0000000000002940       0x80 ./FatFS/src/ff.o
 .text.load_xdir
                0x00000000000029c0      0x150 ./FatFS/src/ff.o
 .text.load_obj_dir
                0x0000000000002b10       0x78 ./FatFS/src/ff.o
 .text.store_xdir
                0x0000000000002b88       0xb4 ./FatFS/src/ff.o
 .text.create_xdir
                0x0000000000002c3c       0xcc ./FatFS/src/ff.o
 .text.dir_read
                0x0000000000002d08      0x184 ./FatFS/src/ff.o
 .text.dir_find
                0x0000000000002e8c      0x248 ./FatFS/src/ff.o
 .text.dir_register
                0x00000000000030d4      0x334 ./FatFS/src/ff.o
 .text.create_name
                0x0000000000003408      0x354 ./FatFS/src/ff.o
 .text.follow_path
                0x000000000000375c      0x148 ./FatFS/src/ff.o
 .text.get_ldnumber
                0x00000000000038a4       0x88 ./FatFS/src/ff.o
 .text.check_fs
                0x000000000000392c       0xc4 ./FatFS/src/ff.o
 .text.find_volume
                0x00000000000039f0      0x66c ./FatFS/src/ff.o
 .text.validate
                0x000000000000405c       0x68 ./FatFS/src/ff.o
 .text.f_mount  0x00000000000040c4       0x94 ./FatFS/src/ff.o
                0x00000000000040c4                f_mount
 .text.f_open   0x0000000000004158      0x4dc ./FatFS/src/ff.o
                0x0000000000004158                f_open
 .text.f_write  0x0000000000004634      0x350 ./FatFS/src/ff.o
                0x0000000000004634                f_write
 .text.f_sync   0x0000000000004984      0x228 ./FatFS/src/ff.o
                0x0000000000004984                f_sync
 .text.f_close  0x0000000000004bac       0x40 ./FatFS/src/ff.o
                0x0000000000004bac                f_close
 .text.ff_convert
                0x0000000000004bec       0x74 ./FatFS/src/option/unicode.o
                0x0000000000004bec                ff_convert
 .text.ff_wtoupper
                0x0000000000004c60      0x114 ./FatFS/src/option/unicode.o
                0x0000000000004c60                ff_wtoupper
 .text.NVIC_SetPriority
                0x0000000000004d74       0x54 ./emlib/dmadrv.o
 .text.DMADRV_AllocateChannel
                0x0000000000004dc8       0xb4 ./emlib/dmadrv.o
                0x0000000000004dc8                DMADRV_AllocateChannel
 .text.DMADRV_FreeChannel
                0x0000000000004e7c       0x84 ./emlib/dmadrv.o
                0x0000000000004e7c                DMADRV_FreeChannel
 .text.DMADRV_Init
                0x0000000000004f00       0x84 ./emlib/dmadrv.o
                0x0000000000004f00                DMADRV_Init
 .text.ADC_LoadDevinfoCal
                0x0000000000004f84      0x13c ./emlib/em_adc.o
 .text.ADC_Init
                0x00000000000050c0       0x88 ./emlib/em_adc.o
                0x00000000000050c0                ADC_Init
 .text.ADC_InitSingle
                0x0000000000005148       0x9c ./emlib/em_adc.o
                0x0000000000005148                ADC_InitSingle
 .text.ADC_PrescaleCalc
                0x00000000000051e4       0x64 ./emlib/em_adc.o
                0x00000000000051e4                ADC_PrescaleCalc
 .text.ADC_TimebaseCalc
                0x0000000000005248       0x60 ./emlib/em_adc.o
                0x0000000000005248                ADC_TimebaseCalc
 .text.BUS_RegBitWrite
                0x00000000000052a8       0x2c ./emlib/em_cmu.o
 .text.BUS_RegBitRead
                0x00000000000052d4       0x2c ./emlib/em_cmu.o
 .text.CMU_DivToLog2
                0x0000000000005300       0x34 ./emlib/em_cmu.o
 .text.SYSTEM_GetProdRev
                0x0000000000005334       0x1c ./emlib/em_cmu.o
 .text.setHfLeConfig
                0x0000000000005350       0x60 ./emlib/em_cmu.o
 .text.getHfLeConfig
                0x00000000000053b0       0x20 ./emlib/em_cmu.o
 .text.auxClkGet
                0x00000000000053d0       0xb0 ./emlib/em_cmu.o
 .text.dbgClkGet
                0x0000000000005480       0x40 ./emlib/em_cmu.o
 .text.flashWaitStateControl
                0x00000000000054c0       0xb8 ./emlib/em_cmu.o
 .text.flashWaitStateMax
                0x0000000000005578       0x14 ./emlib/em_cmu.o
 .text.CMU_UpdateWaitStates
                0x000000000000558c       0x18 ./emlib/em_cmu.o
                0x000000000000558c                CMU_UpdateWaitStates
 .text.lfClkGet
                0x00000000000055a4       0xec ./emlib/em_cmu.o
 .text.syncReg  0x0000000000005690       0x34 ./emlib/em_cmu.o
 .text.CMU_ClockDivSet
                0x00000000000056c4      0x22c ./emlib/em_cmu.o
                0x00000000000056c4                CMU_ClockDivSet
 .text.CMU_ClockEnable
                0x00000000000058f0       0xd0 ./emlib/em_cmu.o
                0x00000000000058f0                CMU_ClockEnable
 .text.CMU_ClockFreqGet
                0x00000000000059c0      0x1c8 ./emlib/em_cmu.o
                0x00000000000059c0                CMU_ClockFreqGet
 .text.CMU_ClockSelectGet
                0x0000000000005b88      0x124 ./emlib/em_cmu.o
                0x0000000000005b88                CMU_ClockSelectGet
 .text.CMU_ClockSelectSet
                0x0000000000005cac      0x220 ./emlib/em_cmu.o
                0x0000000000005cac                CMU_ClockSelectSet
 .text.CMU_OscillatorEnable
                0x0000000000005ecc       0xbc ./emlib/em_cmu.o
                0x0000000000005ecc                CMU_OscillatorEnable
 .text.CORE_EnterAtomic
                0x0000000000005f88       0x20 ./emlib/em_core.o
                0x0000000000005f88                CORE_EnterAtomic
 .text.CORE_ExitAtomic
                0x0000000000005fa8       0x1c ./emlib/em_core.o
                0x0000000000005fa8                CORE_ExitAtomic
 .text.NVIC_EnableIRQ
                0x0000000000005fc4       0x30 ./emlib/em_dma.o
 .text.NVIC_DisableIRQ
                0x0000000000005ff4       0x34 ./emlib/em_dma.o
 .text.NVIC_ClearPendingIRQ
                0x0000000000006028       0x34 ./emlib/em_dma.o
 .text.BUS_RegBitWrite
                0x000000000000605c       0x2c ./emlib/em_dma.o
 .text.DMA_Prepare
                0x0000000000006088      0x114 ./emlib/em_dma.o
 .text.DMA_ActivateBasic
                0x000000000000619c       0x44 ./emlib/em_dma.o
                0x000000000000619c                DMA_ActivateBasic
 .text.DMA_CfgChannel
                0x00000000000061e0       0x90 ./emlib/em_dma.o
                0x00000000000061e0                DMA_CfgChannel
 .text.DMA_CfgDescr
                0x0000000000006270       0x70 ./emlib/em_dma.o
                0x0000000000006270                DMA_CfgDescr
 .text.DMA_Init
                0x00000000000062e0       0x54 ./emlib/em_dma.o
                0x00000000000062e0                DMA_Init
 .text.DMA_Reset
                0x0000000000006334       0x88 ./emlib/em_dma.o
                0x0000000000006334                DMA_Reset
 .text.BUS_RegBitWrite
                0x00000000000063bc       0x2c ./emlib/em_gpio.o
 .text.BUS_RegMaskedWrite
                0x00000000000063e8       0x28 ./emlib/em_gpio.o
 .text.GPIO_PinOutClear
                0x0000000000006410       0x58 ./emlib/em_gpio.o
 .text.GPIO_PinOutSet
                0x0000000000006468       0x58 ./emlib/em_gpio.o
 .text.GPIO_ExtIntConfig
                0x00000000000064c0       0xd4 ./emlib/em_gpio.o
                0x00000000000064c0                GPIO_ExtIntConfig
 .text.GPIO_PinModeSet
                0x0000000000006594      0x10c ./emlib/em_gpio.o
                0x0000000000006594                GPIO_PinModeSet
 .text.LEUART_Sync
                0x00000000000066a0       0x30 ./emlib/em_leuart.o
 .text.LEUART_BaudrateCalc
                0x00000000000066d0       0x5c ./emlib/em_leuart.o
                0x00000000000066d0                LEUART_BaudrateCalc
 .text.LEUART_BaudrateGet
                0x000000000000672c       0x58 ./emlib/em_leuart.o
                0x000000000000672c                LEUART_BaudrateGet
 .text.LEUART_BaudrateSet
                0x0000000000006784       0x80 ./emlib/em_leuart.o
                0x0000000000006784                LEUART_BaudrateSet
 .text.LEUART_Enable
                0x0000000000006804       0x58 ./emlib/em_leuart.o
                0x0000000000006804                LEUART_Enable
 .text.LEUART_FreezeEnable
                0x000000000000685c       0x34 ./emlib/em_leuart.o
                0x000000000000685c                LEUART_FreezeEnable
 .text.LEUART_Init
                0x0000000000006890       0x84 ./emlib/em_leuart.o
                0x0000000000006890                LEUART_Init
 .text.LEUART_Reset
                0x0000000000006914       0x70 ./emlib/em_leuart.o
                0x0000000000006914                LEUART_Reset
 .text.BUS_RegBitWrite
                0x0000000000006984       0x2c ./emlib/em_rtc.o
 .text.RTC_CompareSet
                0x00000000000069b0       0x3c ./emlib/em_rtc.o
                0x00000000000069b0                RTC_CompareSet
 .text.RTC_Enable
                0x00000000000069ec       0x20 ./emlib/em_rtc.o
                0x00000000000069ec                RTC_Enable
 .text.RTC_Init
                0x0000000000006a0c       0x50 ./emlib/em_rtc.o
                0x0000000000006a0c                RTC_Init
 .text.USART_BaudrateAsyncSet
                0x0000000000006a5c       0xb0 ./emlib/em_usart.o
                0x0000000000006a5c                USART_BaudrateAsyncSet
 .text.USART_BaudrateSyncSet
                0x0000000000006b0c       0x40 ./emlib/em_usart.o
                0x0000000000006b0c                USART_BaudrateSyncSet
 .text.USART_Enable
                0x0000000000006b4c       0x58 ./emlib/em_usart.o
                0x0000000000006b4c                USART_Enable
 .text.USART_InitAsync
                0x0000000000006ba4       0x9c ./emlib/em_usart.o
                0x0000000000006ba4                USART_InitAsync
 .text.USART_InitSync
                0x0000000000006c40       0xcc ./emlib/em_usart.o
                0x0000000000006c40                USART_InitSync
 .text.USART_Reset
                0x0000000000006d0c       0x98 ./emlib/em_usart.o
                0x0000000000006d0c                USART_Reset
 .text.USART_Rx
                0x0000000000006da4       0x28 ./emlib/em_usart.o
                0x0000000000006da4                USART_Rx
 .text.USART_RxDouble
                0x0000000000006dcc       0x28 ./emlib/em_usart.o
                0x0000000000006dcc                USART_RxDouble
 .text.USART_SpiTransfer
                0x0000000000006df4       0x40 ./emlib/em_usart.o
                0x0000000000006df4                USART_SpiTransfer
 .text.USART_Tx
                0x0000000000006e34       0x2c ./emlib/em_usart.o
                0x0000000000006e34                USART_Tx
 .text.WaitReady
                0x0000000000006e60       0x40 ./emlib/microsd.o
 .text.MICROSD_Init
                0x0000000000006ea0       0xa4 ./emlib/microsd.o
                0x0000000000006ea0                MICROSD_Init
 .text.MICROSD_XferSpi
                0x0000000000006f44       0x38 ./emlib/microsd.o
                0x0000000000006f44                MICROSD_XferSpi
 .text.MICROSD_Deselect
                0x0000000000006f7c       0x18 ./emlib/microsd.o
                0x0000000000006f7c                MICROSD_Deselect
 .text.MICROSD_Select
                0x0000000000006f94       0x28 ./emlib/microsd.o
                0x0000000000006f94                MICROSD_Select
 .text.MICROSD_PowerOn
                0x0000000000006fbc       0x14 ./emlib/microsd.o
                0x0000000000006fbc                MICROSD_PowerOn
 .text.MICROSD_PowerOff
                0x0000000000006fd0       0x1c ./emlib/microsd.o
                0x0000000000006fd0                MICROSD_PowerOff
 .text.MICROSD_BlockRx
                0x0000000000006fec      0x110 ./emlib/microsd.o
                0x0000000000006fec                MICROSD_BlockRx
 .text.MICROSD_BlockTx
                0x00000000000070fc      0x124 ./emlib/microsd.o
                0x00000000000070fc                MICROSD_BlockTx
 .text.MICROSD_SendCmd
                0x0000000000007220       0xd8 ./emlib/microsd.o
                0x0000000000007220                MICROSD_SendCmd
 .text.MICROSD_SpiClkSlow
                0x00000000000072f8       0x24 ./emlib/microsd.o
                0x00000000000072f8                MICROSD_SpiClkSlow
 .text.MICROSD_SpiClkFast
                0x000000000000731c       0x24 ./emlib/microsd.o
                0x000000000000731c                MICROSD_SpiClkFast
 .text.MICROSD_TimeOutSet
                0x0000000000007340       0x28 ./emlib/microsd.o
                0x0000000000007340                MICROSD_TimeOutSet
 .text.MICROSD_TimeOutElapsed
                0x0000000000007368       0x20 ./emlib/microsd.o
                0x0000000000007368                MICROSD_TimeOutElapsed
 .text.USART_IntDisable
                0x0000000000007388       0x24 ./src/epilometer_sampling.o
 .text.DMA_IntDisable
                0x00000000000073ac       0x30 ./src/epilometer_sampling.o
 .text.LEUART_IntDisable
                0x00000000000073dc       0x24 ./src/epilometer_sampling.o
 .text.MADRE_Sampling
                0x0000000000007400      0x100 ./src/epilometer_sampling.o
                0x0000000000007400                MADRE_Sampling
 .text.poll_RX  0x0000000000007500       0x98 ./src/epilometer_sampling.o
                0x0000000000007500                poll_RX
 .text.NVIC_EnableIRQ
                0x0000000000007598       0x30 ./src/epsilometer_AUX.o
 .text.NVIC_SetPriority
                0x00000000000075c8       0x54 ./src/epsilometer_AUX.o
 .text.DMA_IntEnable
                0x000000000000761c       0x30 ./src/epsilometer_AUX.o
 .text.LEUART_IntDisable
                0x000000000000764c       0x24 ./src/epsilometer_AUX.o
 .text.LEUART_IntEnable
                0x0000000000007670       0x20 ./src/epsilometer_AUX.o
 .text.LEUART_IntGet
                0x0000000000007690       0x18 ./src/epsilometer_AUX.o
 .text.initAUX1
                0x00000000000076a8      0x198 ./src/epsilometer_AUX.o
                0x00000000000076a8                initAUX1
 .text.init_aux_block
                0x0000000000007840       0xac ./src/epsilometer_AUX.o
                0x0000000000007840                init_aux_block
 .text.initAUX2
                0x00000000000078ec        0xc ./src/epsilometer_AUX.o
                0x00000000000078ec                initAUX2
 .text.LEUART0_IRQHandler
                0x00000000000078f8       0xcc ./src/epsilometer_AUX.o
                0x00000000000078f8                LEUART0_IRQHandler
 .text.NVIC_EnableIRQ
                0x00000000000079c4       0x30 ./src/epsilometer_CMU_init.o
 .text.CMU_IntClear
                0x00000000000079f4       0x1c ./src/epsilometer_CMU_init.o
 .text.CMU_IntEnable
                0x0000000000007a10       0x24 ./src/epsilometer_CMU_init.o
 .text.CMU_IntGet
                0x0000000000007a34       0x18 ./src/epsilometer_CMU_init.o
 .text.CMU_IRQHandler
                0x0000000000007a4c       0x40 ./src/epsilometer_CMU_init.o
                0x0000000000007a4c                CMU_IRQHandler
 .text.init_CMU
                0x0000000000007a8c       0x8c ./src/epsilometer_CMU_init.o
                0x0000000000007a8c                init_CMU
 .text.NVIC_EnableIRQ
                0x0000000000007b18       0x30 ./src/epsilometer_DMA.o
 .text.NVIC_SetPriority
                0x0000000000007b48       0x54 ./src/epsilometer_DMA.o
 .text.DMA_IntClear
                0x0000000000007b9c       0x24 ./src/epsilometer_DMA.o
 .text.DMA_IntDisable
                0x0000000000007bc0       0x30 ./src/epsilometer_DMA.o
 .text.DMA_IntEnable
                0x0000000000007bf0       0x30 ./src/epsilometer_DMA.o
 .text.DMA_IntGet
                0x0000000000007c20       0x1c ./src/epsilometer_DMA.o
 .text.LEUART_IntClear
                0x0000000000007c3c       0x1c ./src/epsilometer_DMA.o
 .text.LEUART_IntEnable
                0x0000000000007c58       0x20 ./src/epsilometer_DMA.o
 .text.initDMA  0x0000000000007c78       0xc0 ./src/epsilometer_DMA.o
                0x0000000000007c78                initDMA
 .text.DMA_IRQHandler
                0x0000000000007d38      0x1ac ./src/epsilometer_DMA.o
                0x0000000000007d38                DMA_IRQHandler
 .text.init_GPIO
                0x0000000000007ee4      0x148 ./src/epsilometer_GPIO_init.o
                0x0000000000007ee4                init_GPIO
 .text.initSD   0x000000000000802c      0x268 ./src/epsilometer_SDcard.o
                0x000000000000802c                initSD
 .text.writeSD  0x0000000000008294       0xe4 ./src/epsilometer_SDcard.o
                0x0000000000008294                writeSD
 .text.writeSD_aux
                0x0000000000008378       0x48 ./src/epsilometer_SDcard.o
                0x0000000000008378                writeSD_aux
 .text.writeSD_header
                0x00000000000083c0       0x30 ./src/epsilometer_SDcard.o
                0x00000000000083c0                writeSD_header
 .text.get_fattime
                0x00000000000083f0       0x4c ./src/epsilometer_SDcard.o
                0x00000000000083f0                get_fattime
 .text.init_TIMER
                0x000000000000843c      0x174 ./src/epsilometer_TIMER_init.o
                0x000000000000843c                init_TIMER
 .text.NVIC_EnableIRQ
                0x00000000000085b0       0x30 ./src/epsilometer_analog.o
 .text.NVIC_ClearPendingIRQ
                0x00000000000085e0       0x34 ./src/epsilometer_analog.o
 .text.NVIC_SetPriority
                0x0000000000008614       0x54 ./src/epsilometer_analog.o
 .text.GPIO_IntClear
                0x0000000000008668       0x20 ./src/epsilometer_analog.o
 .text.GPIO_IntDisable
                0x0000000000008688       0x28 ./src/epsilometer_analog.o
 .text.GPIO_IntEnable
                0x00000000000086b0       0x28 ./src/epsilometer_analog.o
 .text.USART_IntEnable
                0x00000000000086d8       0x20 ./src/epsilometer_analog.o
 .text.Set_Value_16Bit_Register
                0x00000000000086f8       0x8c ./src/epsilometer_analog.o
                0x00000000000086f8                Set_Value_16Bit_Register
 .text.define_ADC_configuration
                0x0000000000008784      0x3bc ./src/epsilometer_analog.o
                0x0000000000008784                define_ADC_configuration
 .text.AD7124_SetRegisterValue
                0x0000000000008b40       0x78 ./src/epsilometer_analog.o
                0x0000000000008b40                AD7124_SetRegisterValue
 .text.AD7124_GetRegisterValue
                0x0000000000008bb8       0x8c ./src/epsilometer_analog.o
                0x0000000000008bb8                AD7124_GetRegisterValue
 .text.AD7124_Reset
                0x0000000000008c44       0x48 ./src/epsilometer_analog.o
                0x0000000000008c44                AD7124_Reset
 .text.AD7124_StartConversion
                0x0000000000008c8c       0x54 ./src/epsilometer_analog.o
                0x0000000000008c8c                AD7124_StartConversion
 .text.AD7124_StopConversion
                0x0000000000008ce0       0x40 ./src/epsilometer_analog.o
                0x0000000000008ce0                AD7124_StopConversion
 .text.AD7124_ConfigureDevice
                0x0000000000008d20       0xbc ./src/epsilometer_analog.o
                0x0000000000008d20                AD7124_ConfigureDevice
 .text.AD7124_ChipSelect
                0x0000000000008ddc       0x28 ./src/epsilometer_analog.o
                0x0000000000008ddc                AD7124_ChipSelect
 .text.SPI_xfer
                0x0000000000008e04       0x5c ./src/epsilometer_analog.o
                0x0000000000008e04                SPI_xfer
 .text.init_SPI
                0x0000000000008e60       0x6c ./src/epsilometer_analog.o
                0x0000000000008e60                init_SPI
 .text.setupGpioInt
                0x0000000000008ecc       0x40 ./src/epsilometer_analog.o
                0x0000000000008ecc                setupGpioInt
 .text.GPIO_ODD_IRQHandler
                0x0000000000008f0c      0x208 ./src/epsilometer_analog.o
                0x0000000000008f0c                GPIO_ODD_IRQHandler
 .text.NVIC_EnableIRQ
                0x0000000000009114       0x30 ./src/epsilometer_coms.o
 .text.NVIC_ClearPendingIRQ
                0x0000000000009144       0x34 ./src/epsilometer_coms.o
 .text.NVIC_SetPriority
                0x0000000000009178       0x54 ./src/epsilometer_coms.o
 .text.USART_IntDisable
                0x00000000000091cc       0x24 ./src/epsilometer_coms.o
 .text.USART_IntEnable
                0x00000000000091f0       0x20 ./src/epsilometer_coms.o
 .text.UART_Setup
                0x0000000000009210       0x98 ./src/epsilometer_coms.o
                0x0000000000009210                UART_Setup
 .text.USART1_TX_IRQHandler
                0x00000000000092a8      0x264 ./src/epsilometer_coms.o
                0x00000000000092a8                USART1_TX_IRQHandler
 .text.sendblock
                0x000000000000950c       0x70 ./src/epsilometer_coms.o
                0x000000000000950c                sendblock
 .text.sendblock_databuffer
                0x000000000000957c       0x9c ./src/epsilometer_coms.o
                0x000000000000957c                sendblock_databuffer
 .text.CHIP_Init
                0x0000000000009618        0xc ./src/epsilometer_main.o
 .text.main     0x0000000000009624       0x50 ./src/epsilometer_main.o
                0x0000000000009624                main
 .text.MADRE_menu
                0x0000000000009674       0xec ./src/epsilometer_menu.o
                0x0000000000009674                MADRE_menu
 .text.MADRE_Change_Config
                0x0000000000009760      0x3a4 ./src/epsilometer_menu.o
                0x0000000000009760                MADRE_Change_Config
 .text.MADRE_Config
                0x0000000000009b04       0x60 ./src/epsilometer_menu.o
                0x0000000000009b04                MADRE_Config
 .text.init_MADRE
                0x0000000000009b64      0x168 ./src/epsilometer_menu.o
                0x0000000000009b64                init_MADRE
 .text.init_MAP
                0x0000000000009ccc       0x1c ./src/epsilometer_menu.o
                0x0000000000009ccc                init_MAP
 .text.standby4setup
                0x0000000000009ce8       0x74 ./src/epsilometer_menu.o
                0x0000000000009ce8                standby4setup
 .text.MADRE_resume_sampling
                0x0000000000009d5c       0x3c ./src/epsilometer_menu.o
                0x0000000000009d5c                MADRE_resume_sampling
 .text.itohexa_helper
                0x0000000000009d98       0x2c ./src/epsilometer_menu.o
                0x0000000000009d98                itohexa_helper
 .text.clear_madre
                0x0000000000009dc4       0x98 ./src/epsilometer_menu.o
                0x0000000000009dc4                clear_madre
 *fill*         0x0000000000009e5c        0x4 
 .text.floor    0x0000000000009e60      0x110 /Applications/Simplicity Studio.app/Contents/Eclipse/developer/toolchains/gnu_arm/4.9_2015q3/bin/../lib/gcc/arm-none-eabi/4.9.3/../../../../arm-none-eabi/lib/armv7e-m/softfp/libm.a(lib_a-s_floor.o)
                0x0000000000009e60                floor
 .text.round    0x0000000000009f70       0x9c /Applications/Simplicity Studio.app/Contents/Eclipse/developer/toolchains/gnu_arm/4.9_2015q3/bin/../lib/gcc/arm-none-eabi/4.9.3/../../../../arm-none-eabi/lib/armv7e-m/softfp/libm.a(lib_a-s_round.o)
                0x0000000000009f70                round
 .text          0x000000000000a00c      0x370 /Applications/Simplicity Studio.app/Contents/Eclipse/developer/toolchains/gnu_arm/4.9_2015q3/bin/../lib/gcc/arm-none-eabi/4.9.3/armv7e-m/softfp/libgcc.a(_arm_addsubdf3.o)
                0x000000000000a00c                __aeabi_drsub
                0x000000000000a014                __subdf3
                0x000000000000a014                __aeabi_dsub
                0x000000000000a018                __aeabi_dadd
                0x000000000000a018                __adddf3
                0x000000000000a290                __aeabi_ui2d
                0x000000000000a290                __floatunsidf
                0x000000000000a2b0                __floatsidf
                0x000000000000a2b0                __aeabi_i2d
                0x000000000000a2d4                __extendsfdf2
                0x000000000000a2d4                __aeabi_f2d
                0x000000000000a310                __aeabi_ul2d
                0x000000000000a310                __floatundidf
                0x000000000000a320                __aeabi_l2d
                0x000000000000a320                __floatdidf
 .text          0x000000000000a37c      0x424 /Applications/Simplicity Studio.app/Contents/Eclipse/developer/toolchains/gnu_arm/4.9_2015q3/bin/../lib/gcc/arm-none-eabi/4.9.3/armv7e-m/softfp/libgcc.a(_arm_muldivdf3.o)
                0x000000000000a37c                __aeabi_dmul
                0x000000000000a37c                __muldf3
                0x000000000000a5d0                __aeabi_ddiv
                0x000000000000a5d0                __divdf3
 .text          0x000000000000a7a0      0x110 /Applications/Simplicity Studio.app/Contents/Eclipse/developer/toolchains/gnu_arm/4.9_2015q3/bin/../lib/gcc/arm-none-eabi/4.9.3/armv7e-m/softfp/libgcc.a(_arm_cmpdf2.o)
                0x000000000000a7a0                __gtdf2
                0x000000000000a7a0                __gedf2
                0x000000000000a7a8                __ltdf2
                0x000000000000a7a8                __ledf2
                0x000000000000a7b0                __eqdf2
                0x000000000000a7b0                __nedf2
                0x000000000000a7b0                __cmpdf2
                0x000000000000a82c                __aeabi_cdrcmple
                0x000000000000a83c                __aeabi_cdcmple
                0x000000000000a83c                __aeabi_cdcmpeq
                0x000000000000a84c                __aeabi_dcmpeq
                0x000000000000a860                __aeabi_dcmplt
                0x000000000000a874                __aeabi_dcmple
                0x000000000000a888                __aeabi_dcmpge
                0x000000000000a89c                __aeabi_dcmpgt
 .text          0x000000000000a8b0       0x50 /Applications/Simplicity Studio.app/Contents/Eclipse/developer/toolchains/gnu_arm/4.9_2015q3/bin/../lib/gcc/arm-none-eabi/4.9.3/armv7e-m/softfp/libgcc.a(_arm_fixdfsi.o)
                0x000000000000a8b0                __fixdfsi
                0x000000000000a8b0                __aeabi_d2iz
 .text          0x000000000000a900       0x40 /Applications/Simplicity Studio.app/Contents/Eclipse/developer/toolchains/gnu_arm/4.9_2015q3/bin/../lib/gcc/arm-none-eabi/4.9.3/armv7e-m/softfp/libgcc.a(_arm_fixunsdfsi.o)
                0x000000000000a900                __fixunsdfsi
                0x000000000000a900                __aeabi_d2uiz
 .text.abs      0x000000000000a940        0x8 /Applications/Simplicity Studio.app/Contents/Eclipse/developer/toolchains/gnu_arm/4.9_2015q3/bin/../lib/gcc/arm-none-eabi/4.9.3/../../../../arm-none-eabi/lib/armv7e-m/softfp/libc_nano.a(lib_a-abs.o)
                0x000000000000a940                abs
 .text.ctime_r  0x000000000000a948       0x16 /Applications/Simplicity Studio.app/Contents/Eclipse/developer/toolchains/gnu_arm/4.9_2015q3/bin/../lib/gcc/arm-none-eabi/4.9.3/../../../../arm-none-eabi/lib/armv7e-m/softfp/libc_nano.a(lib_a-ctime_r.o)
                0x000000000000a948                ctime_r
 *fill*         0x000000000000a95e        0x2 
 .text.exit     0x000000000000a960       0x28 /Applications/Simplicity Studio.app/Contents/Eclipse/developer/toolchains/gnu_arm/4.9_2015q3/bin/../lib/gcc/arm-none-eabi/4.9.3/../../../../arm-none-eabi/lib/armv7e-m/softfp/libc_nano.a(lib_a-exit.o)
                0x000000000000a960                exit
 .text.gmtime_r
                0x000000000000a988      0x12c /Applications/Simplicity Studio.app/Contents/Eclipse/developer/toolchains/gnu_arm/4.9_2015q3/bin/../lib/gcc/arm-none-eabi/4.9.3/../../../../arm-none-eabi/lib/armv7e-m/softfp/libc_nano.a(lib_a-gmtime_r.o)
                0x000000000000a988                gmtime_r
 .text.__libc_init_array
                0x000000000000aab4       0x4c /Applications/Simplicity Studio.app/Contents/Eclipse/developer/toolchains/gnu_arm/4.9_2015q3/bin/../lib/gcc/arm-none-eabi/4.9.3/../../../../arm-none-eabi/lib/armv7e-m/softfp/libc_nano.a(lib_a-init.o)
                0x000000000000aab4                __libc_init_array
 .text.localtime_r
                0x000000000000ab00      0x1cc /Applications/Simplicity Studio.app/Contents/Eclipse/developer/toolchains/gnu_arm/4.9_2015q3/bin/../lib/gcc/arm-none-eabi/4.9.3/../../../../arm-none-eabi/lib/armv7e-m/softfp/libc_nano.a(lib_a-lcltime_r.o)
                0x000000000000ab00                localtime_r
 .text.malloc   0x000000000000accc       0x10 /Applications/Simplicity Studio.app/Contents/Eclipse/developer/toolchains/gnu_arm/4.9_2015q3/bin/../lib/gcc/arm-none-eabi/4.9.3/../../../../arm-none-eabi/lib/armv7e-m/softfp/libc_nano.a(lib_a-malloc.o)
                0x000000000000accc                malloc
 .text.free     0x000000000000acdc       0x10 /Applications/Simplicity Studio.app/Contents/Eclipse/developer/toolchains/gnu_arm/4.9_2015q3/bin/../lib/gcc/arm-none-eabi/4.9.3/../../../../arm-none-eabi/lib/armv7e-m/softfp/libc_nano.a(lib_a-malloc.o)
                0x000000000000acdc                free
 .text.memset   0x000000000000acec       0x10 /Applications/Simplicity Studio.app/Contents/Eclipse/developer/toolchains/gnu_arm/4.9_2015q3/bin/../lib/gcc/arm-none-eabi/4.9.3/../../../../arm-none-eabi/lib/armv7e-m/softfp/libc_nano.a(lib_a-memset.o)
                0x000000000000acec                memset
 .text.validate_structure
                0x000000000000acfc      0x1ac /Applications/Simplicity Studio.app/Contents/Eclipse/developer/toolchains/gnu_arm/4.9_2015q3/bin/../lib/gcc/arm-none-eabi/4.9.3/../../../../arm-none-eabi/lib/armv7e-m/softfp/libc_nano.a(lib_a-mktime.o)
 .text.mktime   0x000000000000aea8      0x2f8 /Applications/Simplicity Studio.app/Contents/Eclipse/developer/toolchains/gnu_arm/4.9_2015q3/bin/../lib/gcc/arm-none-eabi/4.9.3/../../../../arm-none-eabi/lib/armv7e-m/softfp/libc_nano.a(lib_a-mktime.o)
                0x000000000000aea8                mktime
 .text._free_r  0x000000000000b1a0       0x88 /Applications/Simplicity Studio.app/Contents/Eclipse/developer/toolchains/gnu_arm/4.9_2015q3/bin/../lib/gcc/arm-none-eabi/4.9.3/../../../../arm-none-eabi/lib/armv7e-m/softfp/libc_nano.a(lib_a-nano-freer.o)
                0x000000000000b1a0                _free_r
 .text._malloc_r
                0x000000000000b228       0xac /Applications/Simplicity Studio.app/Contents/Eclipse/developer/toolchains/gnu_arm/4.9_2015q3/bin/../lib/gcc/arm-none-eabi/4.9.3/../../../../arm-none-eabi/lib/armv7e-m/softfp/libc_nano.a(lib_a-nano-mallocr.o)
                0x000000000000b228                _malloc_r
 .text.printf   0x000000000000b2d4       0x30 /Applications/Simplicity Studio.app/Contents/Eclipse/developer/toolchains/gnu_arm/4.9_2015q3/bin/../lib/gcc/arm-none-eabi/4.9.3/../../../../arm-none-eabi/lib/armv7e-m/softfp/libc_nano.a(lib_a-printf.o)
                0x000000000000b2d4                printf
                0x000000000000b2d4                iprintf
 .text._sbrk_r  0x000000000000b304       0x20 /Applications/Simplicity Studio.app/Contents/Eclipse/developer/toolchains/gnu_arm/4.9_2015q3/bin/../lib/gcc/arm-none-eabi/4.9.3/../../../../arm-none-eabi/lib/armv7e-m/softfp/libc_nano.a(lib_a-sbrkr.o)
                0x000000000000b304                _sbrk_r
 .text.sprintf  0x000000000000b324       0x48 /Applications/Simplicity Studio.app/Contents/Eclipse/developer/toolchains/gnu_arm/4.9_2015q3/bin/../lib/gcc/arm-none-eabi/4.9.3/../../../../arm-none-eabi/lib/armv7e-m/softfp/libc_nano.a(lib_a-sprintf.o)
                0x000000000000b324                sprintf
                0x000000000000b324                siprintf
 .text.iso_year_adjust
                0x000000000000b36c       0xc0 /Applications/Simplicity Studio.app/Contents/Eclipse/developer/toolchains/gnu_arm/4.9_2015q3/bin/../lib/gcc/arm-none-eabi/4.9.3/../../../../arm-none-eabi/lib/armv7e-m/softfp/libc_nano.a(lib_a-strftime.o)
 .text.strftime
                0x000000000000b42c      0x89c /Applications/Simplicity Studio.app/Contents/Eclipse/developer/toolchains/gnu_arm/4.9_2015q3/bin/../lib/gcc/arm-none-eabi/4.9.3/../../../../arm-none-eabi/lib/armv7e-m/softfp/libc_nano.a(lib_a-strftime.o)
                0x000000000000b42c                strftime
 .text.strlen   0x000000000000bcc8       0x10 /Applications/Simplicity Studio.app/Contents/Eclipse/developer/toolchains/gnu_arm/4.9_2015q3/bin/../lib/gcc/arm-none-eabi/4.9.3/../../../../arm-none-eabi/lib/armv7e-m/softfp/libc_nano.a(lib_a-strlen.o)
                0x000000000000bcc8                strlen
 .text.strncpy  0x000000000000bcd8       0x24 /Applications/Simplicity Studio.app/Contents/Eclipse/developer/toolchains/gnu_arm/4.9_2015q3/bin/../lib/gcc/arm-none-eabi/4.9.3/../../../../arm-none-eabi/lib/armv7e-m/softfp/libc_nano.a(lib_a-strncpy.o)
                0x000000000000bcd8                strncpy
 .text._strtoul_r
                0x000000000000bcfc       0xf8 /Applications/Simplicity Studio.app/Contents/Eclipse/developer/toolchains/gnu_arm/4.9_2015q3/bin/../lib/gcc/arm-none-eabi/4.9.3/../../../../arm-none-eabi/lib/armv7e-m/softfp/libc_nano.a(lib_a-strtoul.o)
                0x000000000000bcfc                _strtoul_r
 .text.strtoul  0x000000000000bdf4       0x1c /Applications/Simplicity Studio.app/Contents/Eclipse/developer/toolchains/gnu_arm/4.9_2015q3/bin/../lib/gcc/arm-none-eabi/4.9.3/../../../../arm-none-eabi/lib/armv7e-m/softfp/libc_nano.a(lib_a-strtoul.o)
                0x000000000000bdf4                strtoul
 .text.__get_current_time_locale
                0x000000000000be10       0x20 /Applications/Simplicity Studio.app/Contents/Eclipse/developer/toolchains/gnu_arm/4.9_2015q3/bin/../lib/gcc/arm-none-eabi/4.9.3/../../../../arm-none-eabi/lib/armv7e-m/softfp/libc_nano.a(lib_a-timelocal.o)
                0x000000000000be10                __get_current_time_locale
 .text.__tzcalc_limits
                0x000000000000be30      0x14c /Applications/Simplicity Studio.app/Contents/Eclipse/developer/toolchains/gnu_arm/4.9_2015q3/bin/../lib/gcc/arm-none-eabi/4.9.3/../../../../arm-none-eabi/lib/armv7e-m/softfp/libc_nano.a(lib_a-tzcalc_limits.o)
                0x000000000000be30                __tzcalc_limits
 .text.__tz_lock
                0x000000000000bf7c        0x2 /Applications/Simplicity Studio.app/Contents/Eclipse/developer/toolchains/gnu_arm/4.9_2015q3/bin/../lib/gcc/arm-none-eabi/4.9.3/../../../../arm-none-eabi/lib/armv7e-m/softfp/libc_nano.a(lib_a-tzlock.o)
                0x000000000000bf7c                __tz_lock
 .text.__tz_unlock
                0x000000000000bf7e        0x2 /Applications/Simplicity Studio.app/Contents/Eclipse/developer/toolchains/gnu_arm/4.9_2015q3/bin/../lib/gcc/arm-none-eabi/4.9.3/../../../../arm-none-eabi/lib/armv7e-m/softfp/libc_nano.a(lib_a-tzlock.o)
                0x000000000000bf7e                __tz_unlock
 .text._tzset_unlocked
                0x000000000000bf80        0xc /Applications/Simplicity Studio.app/Contents/Eclipse/developer/toolchains/gnu_arm/4.9_2015q3/bin/../lib/gcc/arm-none-eabi/4.9.3/../../../../arm-none-eabi/lib/armv7e-m/softfp/libc_nano.a(lib_a-tzset.o)
                0x000000000000bf80                _tzset_unlocked
 .text._tzset_unlocked_r
                0x000000000000bf8c      0x304 /Applications/Simplicity Studio.app/Contents/Eclipse/developer/toolchains/gnu_arm/4.9_2015q3/bin/../lib/gcc/arm-none-eabi/4.9.3/../../../../arm-none-eabi/lib/armv7e-m/softfp/libc_nano.a(lib_a-tzset_r.o)
                0x000000000000bf8c                _tzset_unlocked_r
 .text.asctime_r
                0x000000000000c290       0x4c /Applications/Simplicity Studio.app/Contents/Eclipse/developer/toolchains/gnu_arm/4.9_2015q3/bin/../lib/gcc/arm-none-eabi/4.9.3/../../../../arm-none-eabi/lib/armv7e-m/softfp/libc_nano.a(lib_a-asctime_r.o)
                0x000000000000c290                asctime_r
 .text.div      0x000000000000c2dc       0x28 /Applications/Simplicity Studio.app/Contents/Eclipse/developer/toolchains/gnu_arm/4.9_2015q3/bin/../lib/gcc/arm-none-eabi/4.9.3/../../../../arm-none-eabi/lib/armv7e-m/softfp/libc_nano.a(lib_a-div.o)
                0x000000000000c2dc                div
 .text._cleanup_r
                0x000000000000c304        0xc /Applications/Simplicity Studio.app/Contents/Eclipse/developer/toolchains/gnu_arm/4.9_2015q3/bin/../lib/gcc/arm-none-eabi/4.9.3/../../../../arm-none-eabi/lib/armv7e-m/softfp/libc_nano.a(lib_a-findfp.o)
                0x000000000000c304                _cleanup_r
 .text.std.isra.0
                0x000000000000c310       0x48 /Applications/Simplicity Studio.app/Contents/Eclipse/developer/toolchains/gnu_arm/4.9_2015q3/bin/../lib/gcc/arm-none-eabi/4.9.3/../../../../arm-none-eabi/lib/armv7e-m/softfp/libc_nano.a(lib_a-findfp.o)
 .text.__sfmoreglue
                0x000000000000c358       0x2c /Applications/Simplicity Studio.app/Contents/Eclipse/developer/toolchains/gnu_arm/4.9_2015q3/bin/../lib/gcc/arm-none-eabi/4.9.3/../../../../arm-none-eabi/lib/armv7e-m/softfp/libc_nano.a(lib_a-findfp.o)
                0x000000000000c358                __sfmoreglue
 .text.__sinit  0x000000000000c384       0x60 /Applications/Simplicity Studio.app/Contents/Eclipse/developer/toolchains/gnu_arm/4.9_2015q3/bin/../lib/gcc/arm-none-eabi/4.9.3/../../../../arm-none-eabi/lib/armv7e-m/softfp/libc_nano.a(lib_a-findfp.o)
                0x000000000000c384                __sinit
 .text.__sfp    0x000000000000c3e4       0x74 /Applications/Simplicity Studio.app/Contents/Eclipse/developer/toolchains/gnu_arm/4.9_2015q3/bin/../lib/gcc/arm-none-eabi/4.9.3/../../../../arm-none-eabi/lib/armv7e-m/softfp/libc_nano.a(lib_a-findfp.o)
                0x000000000000c3e4                __sfp
 .text._fwalk_reent
                0x000000000000c458       0x3c /Applications/Simplicity Studio.app/Contents/Eclipse/developer/toolchains/gnu_arm/4.9_2015q3/bin/../lib/gcc/arm-none-eabi/4.9.3/../../../../arm-none-eabi/lib/armv7e-m/softfp/libc_nano.a(lib_a-fwalk.o)
                0x000000000000c458                _fwalk_reent
 .text._findenv_r
                0x000000000000c494       0x78 /Applications/Simplicity Studio.app/Contents/Eclipse/developer/toolchains/gnu_arm/4.9_2015q3/bin/../lib/gcc/arm-none-eabi/4.9.3/../../../../arm-none-eabi/lib/armv7e-m/softfp/libc_nano.a(lib_a-getenv_r.o)
                0x000000000000c494                _findenv_r
 .text._getenv_r
                0x000000000000c50c        0xe /Applications/Simplicity Studio.app/Contents/Eclipse/developer/toolchains/gnu_arm/4.9_2015q3/bin/../lib/gcc/arm-none-eabi/4.9.3/../../../../arm-none-eabi/lib/armv7e-m/softfp/libc_nano.a(lib_a-getenv_r.o)
                0x000000000000c50c                _getenv_r
 *fill*         0x000000000000c51a        0x2 
 .text.__gettzinfo
                0x000000000000c51c        0x8 /Applications/Simplicity Studio.app/Contents/Eclipse/developer/toolchains/gnu_arm/4.9_2015q3/bin/../lib/gcc/arm-none-eabi/4.9.3/../../../../arm-none-eabi/lib/armv7e-m/softfp/libc_nano.a(lib_a-gettzinfo.o)
                0x000000000000c51c                __gettzinfo
 .text.labs     0x000000000000c524        0x8 /Applications/Simplicity Studio.app/Contents/Eclipse/developer/toolchains/gnu_arm/4.9_2015q3/bin/../lib/gcc/arm-none-eabi/4.9.3/../../../../arm-none-eabi/lib/armv7e-m/softfp/libc_nano.a(lib_a-labs.o)
                0x000000000000c524                labs
 .text.__ssputs_r
                0x000000000000c52c       0xb2 /Applications/Simplicity Studio.app/Contents/Eclipse/developer/toolchains/gnu_arm/4.9_2015q3/bin/../lib/gcc/arm-none-eabi/4.9.3/../../../../arm-none-eabi/lib/armv7e-m/softfp/libc_nano.a(lib_a-nano-svfprintf.o)
                0x000000000000c52c                __ssputs_r
 *fill*         0x000000000000c5de        0x2 
 .text._svfprintf_r
                0x000000000000c5e0      0x1e4 /Applications/Simplicity Studio.app/Contents/Eclipse/developer/toolchains/gnu_arm/4.9_2015q3/bin/../lib/gcc/arm-none-eabi/4.9.3/../../../../arm-none-eabi/lib/armv7e-m/softfp/libc_nano.a(lib_a-nano-svfprintf.o)
                0x000000000000c5e0                _svfprintf_r
                0x000000000000c5e0                _svfiprintf_r
 .text.__sfputc_r
                0x000000000000c7c4       0x2c /Applications/Simplicity Studio.app/Contents/Eclipse/developer/toolchains/gnu_arm/4.9_2015q3/bin/../lib/gcc/arm-none-eabi/4.9.3/../../../../arm-none-eabi/lib/armv7e-m/softfp/libc_nano.a(lib_a-nano-vfprintf.o)
 .text.__sfputs_r
                0x000000000000c7f0       0x24 /Applications/Simplicity Studio.app/Contents/Eclipse/developer/toolchains/gnu_arm/4.9_2015q3/bin/../lib/gcc/arm-none-eabi/4.9.3/../../../../arm-none-eabi/lib/armv7e-m/softfp/libc_nano.a(lib_a-nano-vfprintf.o)
                0x000000000000c7f0                __sfputs_r
 .text._vfprintf_r
                0x000000000000c814      0x210 /Applications/Simplicity Studio.app/Contents/Eclipse/developer/toolchains/gnu_arm/4.9_2015q3/bin/../lib/gcc/arm-none-eabi/4.9.3/../../../../arm-none-eabi/lib/armv7e-m/softfp/libc_nano.a(lib_a-nano-vfprintf.o)
                0x000000000000c814                _vfiprintf_r
                0x000000000000c814                _vfprintf_r
 .text._printf_common
                0x000000000000ca24       0xea /Applications/Simplicity Studio.app/Contents/Eclipse/developer/toolchains/gnu_arm/4.9_2015q3/bin/../lib/gcc/arm-none-eabi/4.9.3/../../../../arm-none-eabi/lib/armv7e-m/softfp/libc_nano.a(lib_a-nano-vfprintf_i.o)
                0x000000000000ca24                _printf_common
 *fill*         0x000000000000cb0e        0x2 
 .text._printf_i
                0x000000000000cb10      0x240 /Applications/Simplicity Studio.app/Contents/Eclipse/developer/toolchains/gnu_arm/4.9_2015q3/bin/../lib/gcc/arm-none-eabi/4.9.3/../../../../arm-none-eabi/lib/armv7e-m/softfp/libc_nano.a(lib_a-nano-vfprintf_i.o)
                0x000000000000cb10                _printf_i
 .text.snprintf
                0x000000000000cd50       0x64 /Applications/Simplicity Studio.app/Contents/Eclipse/developer/toolchains/gnu_arm/4.9_2015q3/bin/../lib/gcc/arm-none-eabi/4.9.3/../../../../arm-none-eabi/lib/armv7e-m/softfp/libc_nano.a(lib_a-snprintf.o)
                0x000000000000cd50                snprintf
                0x000000000000cd50                sniprintf
 .text.sscanf   0x000000000000cdb4       0x54 /Applications/Simplicity Studio.app/Contents/Eclipse/developer/toolchains/gnu_arm/4.9_2015q3/bin/../lib/gcc/arm-none-eabi/4.9.3/../../../../arm-none-eabi/lib/armv7e-m/softfp/libc_nano.a(lib_a-sscanf.o)
                0x000000000000cdb4                sscanf
                0x000000000000cdb4                siscanf
 .text.__sread  0x000000000000ce08       0x22 /Applications/Simplicity Studio.app/Contents/Eclipse/developer/toolchains/gnu_arm/4.9_2015q3/bin/../lib/gcc/arm-none-eabi/4.9.3/../../../../arm-none-eabi/lib/armv7e-m/softfp/libc_nano.a(lib_a-stdio.o)
                0x000000000000ce08                __sread
 .text.__seofread
                0x000000000000ce2a        0x4 /Applications/Simplicity Studio.app/Contents/Eclipse/developer/toolchains/gnu_arm/4.9_2015q3/bin/../lib/gcc/arm-none-eabi/4.9.3/../../../../arm-none-eabi/lib/armv7e-m/softfp/libc_nano.a(lib_a-stdio.o)
                0x000000000000ce2a                __seofread
 .text.__swrite
                0x000000000000ce2e       0x38 /Applications/Simplicity Studio.app/Contents/Eclipse/developer/toolchains/gnu_arm/4.9_2015q3/bin/../lib/gcc/arm-none-eabi/4.9.3/../../../../arm-none-eabi/lib/armv7e-m/softfp/libc_nano.a(lib_a-stdio.o)
                0x000000000000ce2e                __swrite
 .text.__sseek  0x000000000000ce66       0x24 /Applications/Simplicity Studio.app/Contents/Eclipse/developer/toolchains/gnu_arm/4.9_2015q3/bin/../lib/gcc/arm-none-eabi/4.9.3/../../../../arm-none-eabi/lib/armv7e-m/softfp/libc_nano.a(lib_a-stdio.o)
                0x000000000000ce66                __sseek
 .text.__sclose
                0x000000000000ce8a        0x8 /Applications/Simplicity Studio.app/Contents/Eclipse/developer/toolchains/gnu_arm/4.9_2015q3/bin/../lib/gcc/arm-none-eabi/4.9.3/../../../../arm-none-eabi/lib/armv7e-m/softfp/libc_nano.a(lib_a-stdio.o)
                0x000000000000ce8a                __sclose
 .text          0x000000000000ce92       0x14 /Applications/Simplicity Studio.app/Contents/Eclipse/developer/toolchains/gnu_arm/4.9_2015q3/bin/../lib/gcc/arm-none-eabi/4.9.3/../../../../arm-none-eabi/lib/armv7e-m/softfp/libc_nano.a(lib_a-strcmp.o)
                0x000000000000ce92                strcmp
 .text.strcpy   0x000000000000cea6       0x10 /Applications/Simplicity Studio.app/Contents/Eclipse/developer/toolchains/gnu_arm/4.9_2015q3/bin/../lib/gcc/arm-none-eabi/4.9.3/../../../../arm-none-eabi/lib/armv7e-m/softfp/libc_nano.a(lib_a-strcpy.o)
                0x000000000000cea6                strcpy
 .text.strncmp  0x000000000000ceb6       0x34 /Applications/Simplicity Studio.app/Contents/Eclipse/developer/toolchains/gnu_arm/4.9_2015q3/bin/../lib/gcc/arm-none-eabi/4.9.3/../../../../arm-none-eabi/lib/armv7e-m/softfp/libc_nano.a(lib_a-strncmp.o)
                0x000000000000ceb6                strncmp
 *fill*         0x000000000000ceea        0x2 
 .text.__swbuf_r
                0x000000000000ceec       0xa8 /Applications/Simplicity Studio.app/Contents/Eclipse/developer/toolchains/gnu_arm/4.9_2015q3/bin/../lib/gcc/arm-none-eabi/4.9.3/../../../../arm-none-eabi/lib/armv7e-m/softfp/libc_nano.a(lib_a-wbuf.o)
                0x000000000000ceec                __swbuf_r
 .text._write_r
                0x000000000000cf94       0x24 /Applications/Simplicity Studio.app/Contents/Eclipse/developer/toolchains/gnu_arm/4.9_2015q3/bin/../lib/gcc/arm-none-eabi/4.9.3/../../../../arm-none-eabi/lib/armv7e-m/softfp/libc_nano.a(lib_a-writer.o)
                0x000000000000cf94                _write_r
 .text.__swsetup_r
                0x000000000000cfb8       0xd8 /Applications/Simplicity Studio.app/Contents/Eclipse/developer/toolchains/gnu_arm/4.9_2015q3/bin/../lib/gcc/arm-none-eabi/4.9.3/../../../../arm-none-eabi/lib/armv7e-m/softfp/libc_nano.a(lib_a-wsetup.o)
                0x000000000000cfb8                __swsetup_r
 .text._close_r
                0x000000000000d090       0x20 /Applications/Simplicity Studio.app/Contents/Eclipse/developer/toolchains/gnu_arm/4.9_2015q3/bin/../lib/gcc/arm-none-eabi/4.9.3/../../../../arm-none-eabi/lib/armv7e-m/softfp/libc_nano.a(lib_a-closer.o)
                0x000000000000d090                _close_r
 .text.__env_lock
                0x000000000000d0b0        0x2 /Applications/Simplicity Studio.app/Contents/Eclipse/developer/toolchains/gnu_arm/4.9_2015q3/bin/../lib/gcc/arm-none-eabi/4.9.3/../../../../arm-none-eabi/lib/armv7e-m/softfp/libc_nano.a(lib_a-envlock.o)
                0x000000000000d0b0                __env_lock
 .text.__env_unlock
                0x000000000000d0b2        0x2 /Applications/Simplicity Studio.app/Contents/Eclipse/developer/toolchains/gnu_arm/4.9_2015q3/bin/../lib/gcc/arm-none-eabi/4.9.3/../../../../arm-none-eabi/lib/armv7e-m/softfp/libc_nano.a(lib_a-envlock.o)
                0x000000000000d0b2                __env_unlock
 .text.__sflush_r
                0x000000000000d0b4      0x108 /Applications/Simplicity Studio.app/Contents/Eclipse/developer/toolchains/gnu_arm/4.9_2015q3/bin/../lib/gcc/arm-none-eabi/4.9.3/../../../../arm-none-eabi/lib/armv7e-m/softfp/libc_nano.a(lib_a-fflush.o)
                0x000000000000d0b4                __sflush_r
 .text._fflush_r
                0x000000000000d1bc       0x54 /Applications/Simplicity Studio.app/Contents/Eclipse/developer/toolchains/gnu_arm/4.9_2015q3/bin/../lib/gcc/arm-none-eabi/4.9.3/../../../../arm-none-eabi/lib/armv7e-m/softfp/libc_nano.a(lib_a-fflush.o)
                0x000000000000d1bc                _fflush_r
 .text._fstat_r
                0x000000000000d210       0x24 /Applications/Simplicity Studio.app/Contents/Eclipse/developer/toolchains/gnu_arm/4.9_2015q3/bin/../lib/gcc/arm-none-eabi/4.9.3/../../../../arm-none-eabi/lib/armv7e-m/softfp/libc_nano.a(lib_a-fstatr.o)
                0x000000000000d210                _fstat_r
 .text._lseek_r
                0x000000000000d234       0x24 /Applications/Simplicity Studio.app/Contents/Eclipse/developer/toolchains/gnu_arm/4.9_2015q3/bin/../lib/gcc/arm-none-eabi/4.9.3/../../../../arm-none-eabi/lib/armv7e-m/softfp/libc_nano.a(lib_a-lseekr.o)
                0x000000000000d234                _lseek_r
 .text.__smakebuf_r
                0x000000000000d258       0x9c /Applications/Simplicity Studio.app/Contents/Eclipse/developer/toolchains/gnu_arm/4.9_2015q3/bin/../lib/gcc/arm-none-eabi/4.9.3/../../../../arm-none-eabi/lib/armv7e-m/softfp/libc_nano.a(lib_a-makebuf.o)
                0x000000000000d258                __smakebuf_r
 .text.memchr   0x000000000000d2f4       0x1e /Applications/Simplicity Studio.app/Contents/Eclipse/developer/toolchains/gnu_arm/4.9_2015q3/bin/../lib/gcc/arm-none-eabi/4.9.3/../../../../arm-none-eabi/lib/armv7e-m/softfp/libc_nano.a(lib_a-memchr.o)
                0x000000000000d2f4                memchr
 .text.memcpy   0x000000000000d312       0x16 /Applications/Simplicity Studio.app/Contents/Eclipse/developer/toolchains/gnu_arm/4.9_2015q3/bin/../lib/gcc/arm-none-eabi/4.9.3/../../../../arm-none-eabi/lib/armv7e-m/softfp/libc_nano.a(lib_a-memcpy.o)
                0x000000000000d312                memcpy
 .text.memmove  0x000000000000d328       0x36 /Applications/Simplicity Studio.app/Contents/Eclipse/developer/toolchains/gnu_arm/4.9_2015q3/bin/../lib/gcc/arm-none-eabi/4.9.3/../../../../arm-none-eabi/lib/armv7e-m/softfp/libc_nano.a(lib_a-memmove.o)
                0x000000000000d328                memmove
 .text._realloc_r
                0x000000000000d35e       0x4c /Applications/Simplicity Studio.app/Contents/Eclipse/developer/toolchains/gnu_arm/4.9_2015q3/bin/../lib/gcc/arm-none-eabi/4.9.3/../../../../arm-none-eabi/lib/armv7e-m/softfp/libc_nano.a(lib_a-nano-reallocr.o)
                0x000000000000d35e                _realloc_r
 .text._sungetc_r
                0x000000000000d3aa       0x7a /Applications/Simplicity Studio.app/Contents/Eclipse/developer/toolchains/gnu_arm/4.9_2015q3/bin/../lib/gcc/arm-none-eabi/4.9.3/../../../../arm-none-eabi/lib/armv7e-m/softfp/libc_nano.a(lib_a-nano-svfscanf.o)
                0x000000000000d3aa                _sungetc_r
 .text.__ssrefill_r
                0x000000000000d424       0x3a /Applications/Simplicity Studio.app/Contents/Eclipse/developer/toolchains/gnu_arm/4.9_2015q3/bin/../lib/gcc/arm-none-eabi/4.9.3/../../../../arm-none-eabi/lib/armv7e-m/softfp/libc_nano.a(lib_a-nano-svfscanf.o)
                0x000000000000d424                __ssrefill_r
 *fill*         0x000000000000d45e        0x2 
 .text.__ssvfscanf_r
                0x000000000000d460      0x29c /Applications/Simplicity Studio.app/Contents/Eclipse/developer/toolchains/gnu_arm/4.9_2015q3/bin/../lib/gcc/arm-none-eabi/4.9.3/../../../../arm-none-eabi/lib/armv7e-m/softfp/libc_nano.a(lib_a-nano-svfscanf.o)
                0x000000000000d460                __ssvfscanf_r
                0x000000000000d460                __ssvfiscanf_r
 .text._scanf_chars
                0x000000000000d6fc       0xc0 /Applications/Simplicity Studio.app/Contents/Eclipse/developer/toolchains/gnu_arm/4.9_2015q3/bin/../lib/gcc/arm-none-eabi/4.9.3/../../../../arm-none-eabi/lib/armv7e-m/softfp/libc_nano.a(lib_a-nano-vfscanf_i.o)
                0x000000000000d6fc                _scanf_chars
 .text._scanf_i
                0x000000000000d7bc      0x1e4 /Applications/Simplicity Studio.app/Contents/Eclipse/developer/toolchains/gnu_arm/4.9_2015q3/bin/../lib/gcc/arm-none-eabi/4.9.3/../../../../arm-none-eabi/lib/armv7e-m/softfp/libc_nano.a(lib_a-nano-vfscanf_i.o)
                0x000000000000d7bc                _scanf_i
 .text._read_r  0x000000000000d9a0       0x24 /Applications/Simplicity Studio.app/Contents/Eclipse/developer/toolchains/gnu_arm/4.9_2015q3/bin/../lib/gcc/arm-none-eabi/4.9.3/../../../../arm-none-eabi/lib/armv7e-m/softfp/libc_nano.a(lib_a-readr.o)
                0x000000000000d9a0                _read_r
 .text.__sccl   0x000000000000d9c4       0x64 /Applications/Simplicity Studio.app/Contents/Eclipse/developer/toolchains/gnu_arm/4.9_2015q3/bin/../lib/gcc/arm-none-eabi/4.9.3/../../../../arm-none-eabi/lib/armv7e-m/softfp/libc_nano.a(lib_a-sccl.o)
                0x000000000000d9c4                __sccl
 .text._strtol_r
                0x000000000000da28      0x10c /Applications/Simplicity Studio.app/Contents/Eclipse/developer/toolchains/gnu_arm/4.9_2015q3/bin/../lib/gcc/arm-none-eabi/4.9.3/../../../../arm-none-eabi/lib/armv7e-m/softfp/libc_nano.a(lib_a-strtol.o)
                0x000000000000da28                _strtol_r
 .text.__submore
                0x000000000000db34       0x76 /Applications/Simplicity Studio.app/Contents/Eclipse/developer/toolchains/gnu_arm/4.9_2015q3/bin/../lib/gcc/arm-none-eabi/4.9.3/../../../../arm-none-eabi/lib/armv7e-m/softfp/libc_nano.a(lib_a-ungetc.o)
                0x000000000000db34                __submore
 *fill*         0x000000000000dbaa        0x2 
 .text._isatty_r
                0x000000000000dbac       0x20 /Applications/Simplicity Studio.app/Contents/Eclipse/developer/toolchains/gnu_arm/4.9_2015q3/bin/../lib/gcc/arm-none-eabi/4.9.3/../../../../arm-none-eabi/lib/armv7e-m/softfp/libc_nano.a(lib_a-isattyr.o)
                0x000000000000dbac                _isatty_r
 .text._malloc_usable_size_r
                0x000000000000dbcc       0x14 /Applications/Simplicity Studio.app/Contents/Eclipse/developer/toolchains/gnu_arm/4.9_2015q3/bin/../lib/gcc/arm-none-eabi/4.9.3/../../../../arm-none-eabi/lib/armv7e-m/softfp/libc_nano.a(lib_a-nano-msizer.o)
                0x000000000000dbcc                _malloc_usable_size_r
 .text._close   0x000000000000dbe0       0x10 /Applications/Simplicity Studio.app/Contents/Eclipse/developer/toolchains/gnu_arm/4.9_2015q3/bin/../lib/gcc/arm-none-eabi/4.9.3/../../../../arm-none-eabi/lib/armv7e-m/softfp/libnosys.a(close.o)
                0x000000000000dbe0                _close
 .text._fstat   0x000000000000dbf0       0x10 /Applications/Simplicity Studio.app/Contents/Eclipse/developer/toolchains/gnu_arm/4.9_2015q3/bin/../lib/gcc/arm-none-eabi/4.9.3/../../../../arm-none-eabi/lib/armv7e-m/softfp/libnosys.a(fstat.o)
                0x000000000000dbf0                _fstat
 .text._isatty  0x000000000000dc00       0x10 /Applications/Simplicity Studio.app/Contents/Eclipse/developer/toolchains/gnu_arm/4.9_2015q3/bin/../lib/gcc/arm-none-eabi/4.9.3/../../../../arm-none-eabi/lib/armv7e-m/softfp/libnosys.a(isatty.o)
                0x000000000000dc00                _isatty
 .text._lseek   0x000000000000dc10       0x10 /Applications/Simplicity Studio.app/Contents/Eclipse/developer/toolchains/gnu_arm/4.9_2015q3/bin/../lib/gcc/arm-none-eabi/4.9.3/../../../../arm-none-eabi/lib/armv7e-m/softfp/libnosys.a(lseek.o)
                0x000000000000dc10                _lseek
 .text._read    0x000000000000dc20       0x10 /Applications/Simplicity Studio.app/Contents/Eclipse/developer/toolchains/gnu_arm/4.9_2015q3/bin/../lib/gcc/arm-none-eabi/4.9.3/../../../../arm-none-eabi/lib/armv7e-m/softfp/libnosys.a(read.o)
                0x000000000000dc20                _read
 .text._sbrk    0x000000000000dc30       0x1c /Applications/Simplicity Studio.app/Contents/Eclipse/developer/toolchains/gnu_arm/4.9_2015q3/bin/../lib/gcc/arm-none-eabi/4.9.3/../../../../arm-none-eabi/lib/armv7e-m/softfp/libnosys.a(sbrk.o)
                0x000000000000dc30                _sbrk
 .text._write   0x000000000000dc4c       0x10 /Applications/Simplicity Studio.app/Contents/Eclipse/developer/toolchains/gnu_arm/4.9_2015q3/bin/../lib/gcc/arm-none-eabi/4.9.3/../../../../arm-none-eabi/lib/armv7e-m/softfp/libnosys.a(write.o)
                0x000000000000dc4c                _write
 .text._exit    0x000000000000dc5c        0x4 /Applications/Simplicity Studio.app/Contents/Eclipse/developer/toolchains/gnu_arm/4.9_2015q3/bin/../lib/gcc/arm-none-eabi/4.9.3/../../../../arm-none-eabi/lib/armv7e-m/softfp/libnosys.a(_exit.o)
                0x000000000000dc5c                _exit
 *(.init)
 .init          0x000000000000dc60        0x4 /Applications/Simplicity Studio.app/Contents/Eclipse/developer/toolchains/gnu_arm/4.9_2015q3/bin/../lib/gcc/arm-none-eabi/4.9.3/armv7e-m/softfp/crti.o
                0x000000000000dc60                _init
 .init          0x000000000000dc64        0x8 /Applications/Simplicity Studio.app/Contents/Eclipse/developer/toolchains/gnu_arm/4.9_2015q3/bin/../lib/gcc/arm-none-eabi/4.9.3/armv7e-m/softfp/crtn.o
 *(.fini)
 .fini          0x000000000000dc6c        0x4 /Applications/Simplicity Studio.app/Contents/Eclipse/developer/toolchains/gnu_arm/4.9_2015q3/bin/../lib/gcc/arm-none-eabi/4.9.3/armv7e-m/softfp/crti.o
                0x000000000000dc6c                _fini
 .fini          0x000000000000dc70        0x8 /Applications/Simplicity Studio.app/Contents/Eclipse/developer/toolchains/gnu_arm/4.9_2015q3/bin/../lib/gcc/arm-none-eabi/4.9.3/armv7e-m/softfp/crtn.o
 *crtbegin.o(.ctors)
 *crtbegin?.o(.ctors)
 *(EXCLUDE_FILE(*crtend.o *crtend?.o) .ctors)
 *(SORT(.ctors.*))
 *(.ctors)
 *crtbegin.o(.dtors)
 *crtbegin?.o(.dtors)
 *(EXCLUDE_FILE(*crtend.o *crtend?.o) .dtors)
 *(SORT(.dtors.*))
 *(.dtors)
 *(.rodata*)
 .rodata.crystalCompensationTable
                0x000000000000dc78       0x8e ./Calendar/crystal_parameters.o
                0x000000000000dc78                crystalCompensationTable
 *fill*         0x000000000000dd06        0x2 
 .rodata        0x000000000000dd08       0x2c ./Calendar/main_calendar_tc.o
 .rodata.ExCvt  0x000000000000dd34       0x80 ./FatFS/src/ff.o
 .rodata.LfnOfs
                0x000000000000ddb4        0xd ./FatFS/src/ff.o
 *fill*         0x000000000000ddc1        0x3 
 .rodata        0x000000000000ddc4       0x20 ./FatFS/src/ff.o
 .rodata.Tbl    0x000000000000dde4      0x100 ./FatFS/src/option/unicode.o
 .rodata.cvt1.3852
                0x000000000000dee4      0x1f2 ./FatFS/src/option/unicode.o
 *fill*         0x000000000000e0d6        0x2 
 .rodata.cvt2.3853
                0x000000000000e0d8       0xbc ./FatFS/src/option/unicode.o
 .rodata        0x000000000000e194       0x18 ./emlib/microsd.o
 .rodata        0x000000000000e1ac        0x6 ./src/epsilometer_AUX.o
 *fill*         0x000000000000e1b2        0x2 
 .rodata        0x000000000000e1b4       0x2e ./src/epsilometer_DMA.o
 *fill*         0x000000000000e1e2        0x2 
 .rodata        0x000000000000e1e4       0x7a ./src/epsilometer_SDcard.o
 *fill*         0x000000000000e25e        0x2 
 .rodata        0x000000000000e260       0x30 ./src/epsilometer_analog.o
 .rodata        0x000000000000e290       0x22 ./src/epsilometer_coms.o
 *fill*         0x000000000000e2b2        0x2 
 .rodata        0x000000000000e2b4      0x1ce ./src/epsilometer_menu.o
 .rodata.str1.1
                0x000000000000e482        0x2 /Applications/Simplicity Studio.app/Contents/Eclipse/developer/toolchains/gnu_arm/4.9_2015q3/bin/../lib/gcc/arm-none-eabi/4.9.3/../../../../arm-none-eabi/lib/armv7e-m/softfp/libc_nano.a(lib_a-impure.o)
 .rodata._global_impure_ptr
                0x000000000000e484        0x4 /Applications/Simplicity Studio.app/Contents/Eclipse/developer/toolchains/gnu_arm/4.9_2015q3/bin/../lib/gcc/arm-none-eabi/4.9.3/../../../../arm-none-eabi/lib/armv7e-m/softfp/libc_nano.a(lib_a-impure.o)
                0x000000000000e484                _global_impure_ptr
 .rodata._DAYS_BEFORE_MONTH
                0x000000000000e488       0x30 /Applications/Simplicity Studio.app/Contents/Eclipse/developer/toolchains/gnu_arm/4.9_2015q3/bin/../lib/gcc/arm-none-eabi/4.9.3/../../../../arm-none-eabi/lib/armv7e-m/softfp/libc_nano.a(lib_a-mktime.o)
 .rodata.DAYS_IN_MONTH
                0x000000000000e4b8       0x30 /Applications/Simplicity Studio.app/Contents/Eclipse/developer/toolchains/gnu_arm/4.9_2015q3/bin/../lib/gcc/arm-none-eabi/4.9.3/../../../../arm-none-eabi/lib/armv7e-m/softfp/libc_nano.a(lib_a-mktime.o)
 .rodata.__month_lengths
                0x000000000000e4e8       0x60 /Applications/Simplicity Studio.app/Contents/Eclipse/developer/toolchains/gnu_arm/4.9_2015q3/bin/../lib/gcc/arm-none-eabi/4.9.3/../../../../arm-none-eabi/lib/armv7e-m/softfp/libc_nano.a(lib_a-month_lengths.o)
                0x000000000000e4e8                __month_lengths
 .rodata.str1.1
                0x000000000000e548       0x54 /Applications/Simplicity Studio.app/Contents/Eclipse/developer/toolchains/gnu_arm/4.9_2015q3/bin/../lib/gcc/arm-none-eabi/4.9.3/../../../../arm-none-eabi/lib/armv7e-m/softfp/libc_nano.a(lib_a-strftime.o)
                                         0x66 (size before relaxing)
 .rodata.str1.1
                0x000000000000e59c      0x133 /Applications/Simplicity Studio.app/Contents/Eclipse/developer/toolchains/gnu_arm/4.9_2015q3/bin/../lib/gcc/arm-none-eabi/4.9.3/../../../../arm-none-eabi/lib/armv7e-m/softfp/libc_nano.a(lib_a-timelocal.o)
                                        0x134 (size before relaxing)
 *fill*         0x000000000000e6cf        0x1 
 .rodata._C_time_locale
                0x000000000000e6d0       0xfc /Applications/Simplicity Studio.app/Contents/Eclipse/developer/toolchains/gnu_arm/4.9_2015q3/bin/../lib/gcc/arm-none-eabi/4.9.3/../../../../arm-none-eabi/lib/armv7e-m/softfp/libc_nano.a(lib_a-timelocal.o)
 .rodata.str1.1
                0x000000000000e7cc       0x3c /Applications/Simplicity Studio.app/Contents/Eclipse/developer/toolchains/gnu_arm/4.9_2015q3/bin/../lib/gcc/arm-none-eabi/4.9.3/../../../../arm-none-eabi/lib/armv7e-m/softfp/libc_nano.a(lib_a-tzset_r.o)
                                         0x4e (size before relaxing)
 .rodata.str1.1
                0x0000000000000000        0x4 /Applications/Simplicity Studio.app/Contents/Eclipse/developer/toolchains/gnu_arm/4.9_2015q3/bin/../lib/gcc/arm-none-eabi/4.9.3/../../../../arm-none-eabi/lib/armv7e-m/softfp/libc_nano.a(lib_a-tzvars.o)
 .rodata.day_name.4676
                0x000000000000e808       0x15 /Applications/Simplicity Studio.app/Contents/Eclipse/developer/toolchains/gnu_arm/4.9_2015q3/bin/../lib/gcc/arm-none-eabi/4.9.3/../../../../arm-none-eabi/lib/armv7e-m/softfp/libc_nano.a(lib_a-asctime_r.o)
 .rodata.mon_name.4677
                0x000000000000e81d       0x24 /Applications/Simplicity Studio.app/Contents/Eclipse/developer/toolchains/gnu_arm/4.9_2015q3/bin/../lib/gcc/arm-none-eabi/4.9.3/../../../../arm-none-eabi/lib/armv7e-m/softfp/libc_nano.a(lib_a-asctime_r.o)
 .rodata.str1.1
                0x000000000000e841       0x20 /Applications/Simplicity Studio.app/Contents/Eclipse/developer/toolchains/gnu_arm/4.9_2015q3/bin/../lib/gcc/arm-none-eabi/4.9.3/../../../../arm-none-eabi/lib/armv7e-m/softfp/libc_nano.a(lib_a-asctime_r.o)
 .rodata._ctype_
                0x000000000000e861      0x101 /Applications/Simplicity Studio.app/Contents/Eclipse/developer/toolchains/gnu_arm/4.9_2015q3/bin/../lib/gcc/arm-none-eabi/4.9.3/../../../../arm-none-eabi/lib/armv7e-m/softfp/libc_nano.a(lib_a-ctype_.o)
                0x000000000000e861                _ctype_
 *fill*         0x000000000000e962        0x2 
 .rodata.__sf_fake_stdin
                0x000000000000e964       0x20 /Applications/Simplicity Studio.app/Contents/Eclipse/developer/toolchains/gnu_arm/4.9_2015q3/bin/../lib/gcc/arm-none-eabi/4.9.3/../../../../arm-none-eabi/lib/armv7e-m/softfp/libc_nano.a(lib_a-findfp.o)
                0x000000000000e964                __sf_fake_stdin
 .rodata.__sf_fake_stdout
                0x000000000000e984       0x20 /Applications/Simplicity Studio.app/Contents/Eclipse/developer/toolchains/gnu_arm/4.9_2015q3/bin/../lib/gcc/arm-none-eabi/4.9.3/../../../../arm-none-eabi/lib/armv7e-m/softfp/libc_nano.a(lib_a-findfp.o)
                0x000000000000e984                __sf_fake_stdout
 .rodata.__sf_fake_stderr
                0x000000000000e9a4       0x20 /Applications/Simplicity Studio.app/Contents/Eclipse/developer/toolchains/gnu_arm/4.9_2015q3/bin/../lib/gcc/arm-none-eabi/4.9.3/../../../../arm-none-eabi/lib/armv7e-m/softfp/libc_nano.a(lib_a-findfp.o)
                0x000000000000e9a4                __sf_fake_stderr
 .rodata.str1.1
                0x000000000000e9c4       0x11 /Applications/Simplicity Studio.app/Contents/Eclipse/developer/toolchains/gnu_arm/4.9_2015q3/bin/../lib/gcc/arm-none-eabi/4.9.3/../../../../arm-none-eabi/lib/armv7e-m/softfp/libc_nano.a(lib_a-nano-svfprintf.o)
 .rodata.str1.1
                0x0000000000000000       0x11 /Applications/Simplicity Studio.app/Contents/Eclipse/developer/toolchains/gnu_arm/4.9_2015q3/bin/../lib/gcc/arm-none-eabi/4.9.3/../../../../arm-none-eabi/lib/armv7e-m/softfp/libc_nano.a(lib_a-nano-vfprintf.o)
 .rodata.str1.1
                0x000000000000e9d5       0x22 /Applications/Simplicity Studio.app/Contents/Eclipse/developer/toolchains/gnu_arm/4.9_2015q3/bin/../lib/gcc/arm-none-eabi/4.9.3/../../../../arm-none-eabi/lib/armv7e-m/softfp/libc_nano.a(lib_a-nano-vfprintf_i.o)
 .rodata.str1.1
                0x0000000000000000        0x4 /Applications/Simplicity Studio.app/Contents/Eclipse/developer/toolchains/gnu_arm/4.9_2015q3/bin/../lib/gcc/arm-none-eabi/4.9.3/../../../../arm-none-eabi/lib/armv7e-m/softfp/libc_nano.a(lib_a-nano-svfscanf.o)
 *fill*         0x000000000000e9f7        0x1 
 .rodata        0x000000000000e9f8        0xc /Applications/Simplicity Studio.app/Contents/Eclipse/developer/toolchains/gnu_arm/4.9_2015q3/bin/../lib/gcc/arm-none-eabi/4.9.3/../../../../arm-none-eabi/lib/armv7e-m/softfp/libc_nano.a(lib_a-nano-vfscanf_i.o)
 .rodata.str1.1
                0x000000000000ea04       0x1b /Applications/Simplicity Studio.app/Contents/Eclipse/developer/toolchains/gnu_arm/4.9_2015q3/bin/../lib/gcc/arm-none-eabi/4.9.3/../../../../arm-none-eabi/lib/armv7e-m/softfp/libc_nano.a(lib_a-nano-vfscanf_i.o)
 *(.eh_frame*)
 *fill*         0x000000000000ea1f        0x1 
 .eh_frame      0x000000000000ea20        0x0 /Applications/Simplicity Studio.app/Contents/Eclipse/developer/toolchains/gnu_arm/4.9_2015q3/bin/../lib/gcc/arm-none-eabi/4.9.3/armv7e-m/softfp/crtbegin.o
 .eh_frame      0x000000000000ea20       0x28 /Applications/Simplicity Studio.app/Contents/Eclipse/developer/toolchains/gnu_arm/4.9_2015q3/bin/../lib/gcc/arm-none-eabi/4.9.3/../../../../arm-none-eabi/lib/armv7e-m/softfp/libc_nano.a(lib_a-strcmp.o)
 .eh_frame      0x000000000000ea48        0x4 /Applications/Simplicity Studio.app/Contents/Eclipse/developer/toolchains/gnu_arm/4.9_2015q3/bin/../lib/gcc/arm-none-eabi/4.9.3/armv7e-m/softfp/crtend.o

.glue_7         0x000000000000ea4c        0x0
 .glue_7        0x0000000000000000        0x0 linker stubs

.glue_7t        0x000000000000ea4c        0x0
 .glue_7t       0x0000000000000000        0x0 linker stubs

.vfp11_veneer   0x000000000000ea4c        0x0
 .vfp11_veneer  0x0000000000000000        0x0 linker stubs

.v4_bx          0x000000000000ea4c        0x0
 .v4_bx         0x0000000000000000        0x0 linker stubs

.iplt           0x000000000000ea4c        0x0
 .iplt          0x0000000000000000        0x0 /Applications/Simplicity Studio.app/Contents/Eclipse/developer/toolchains/gnu_arm/4.9_2015q3/bin/../lib/gcc/arm-none-eabi/4.9.3/armv7e-m/softfp/crtbegin.o

.ARM.extab
 *(.ARM.extab* .gnu.linkonce.armextab.*)
                0x000000000000ea4c                __exidx_start = .

.ARM.exidx      0x000000000000ea4c        0x8
 *(.ARM.exidx* .gnu.linkonce.armexidx.*)
 .ARM.exidx     0x000000000000ea4c        0x8 /Applications/Simplicity Studio.app/Contents/Eclipse/developer/toolchains/gnu_arm/4.9_2015q3/bin/../lib/gcc/arm-none-eabi/4.9.3/../../../../arm-none-eabi/lib/armv7e-m/softfp/crt0.o
                0x000000000000ea54                __exidx_end = .
                0x000000000000ea54                __etext = .

.rel.dyn        0x000000000000ea54        0x0
 .rel.iplt      0x0000000000000000        0x0 /Applications/Simplicity Studio.app/Contents/Eclipse/developer/toolchains/gnu_arm/4.9_2015q3/bin/../lib/gcc/arm-none-eabi/4.9.3/armv7e-m/softfp/crtbegin.o

.data           0x0000000020000000      0x318 load address 0x000000000000ea54
                0x0000000020000000                __data_start__ = .
 *(vtable)
 *(.data*)
 .data.SystemHFXOClock
                0x0000000020000000        0x4 ./CMSIS/EFM32WG/system_efm32wg.o
 .data.SystemLFXOClock
                0x0000000020000004        0x4 ./CMSIS/EFM32WG/system_efm32wg.o
 .data.SystemCoreClock
                0x0000000020000008        0x4 ./CMSIS/EFM32WG/system_efm32wg.o
                0x0000000020000008                SystemCoreClock
 .data.stat     0x000000002000000c        0x1 ./FatFS/silabs_diskio.o
 .data.doTemperatureCompensation
                0x000000002000000d        0x1 ./src/epilometer_sampling.o
                0x000000002000000d                doTemperatureCompensation
 *fill*         0x000000002000000e        0x2 
 .data.leuart0Init
                0x0000000020000010       0x10 ./src/epsilometer_AUX.o
                0x0000000020000010                leuart0Init
 .data.cur_min.7800
                0x0000000020000020        0x4 ./src/epsilometer_SDcard.o
 .data.cur_sec.7801
                0x0000000020000024        0x4 ./src/epsilometer_SDcard.o
 .data.initusart
                0x0000000020000028       0x18 ./src/epsilometer_analog.o
                0x0000000020000028                initusart
 .data.madre_setup
                0x0000000020000040       0x30 ./src/epsilometer_main.o
                0x0000000020000040                madre_setup
 .data.map_setup
                0x0000000020000070        0xc ./src/epsilometer_main.o
                0x0000000020000070                map_setup
 .data.aux1_setup
                0x000000002000007c       0x10 ./src/epsilometer_main.o
                0x000000002000007c                aux1_setup
 .data.madre_setup_ptr
                0x000000002000008c        0x4 ./src/epsilometer_main.o
                0x000000002000008c                madre_setup_ptr
 .data.map_setup_ptr
                0x0000000020000090        0x4 ./src/epsilometer_main.o
                0x0000000020000090                map_setup_ptr
 .data.aux1_setup_ptr
                0x0000000020000094        0x4 ./src/epsilometer_main.o
                0x0000000020000094                aux1_setup_ptr
 .data.fp07_1   0x0000000020000098       0x34 ./src/epsilometer_main.o
                0x0000000020000098                fp07_1
 .data.fp07_2   0x00000000200000cc       0x34 ./src/epsilometer_main.o
                0x00000000200000cc                fp07_2
 .data.shr_1    0x0000000020000100       0x34 ./src/epsilometer_main.o
                0x0000000020000100                shr_1
 .data.shr_2    0x0000000020000134       0x34 ./src/epsilometer_main.o
                0x0000000020000134                shr_2
 .data.con_1    0x0000000020000168       0x34 ./src/epsilometer_main.o
                0x0000000020000168                con_1
 .data.ax       0x000000002000019c       0x34 ./src/epsilometer_main.o
                0x000000002000019c                ax
 .data.ay       0x00000000200001d0       0x34 ./src/epsilometer_main.o
                0x00000000200001d0                ay
 .data.az       0x0000000020000204       0x34 ./src/epsilometer_main.o
                0x0000000020000204                az
 .data.sensors  0x0000000020000238       0x20 ./src/epsilometer_main.o
                0x0000000020000238                sensors
 .data.impure_data
                0x0000000020000258       0x60 /Applications/Simplicity Studio.app/Contents/Eclipse/developer/toolchains/gnu_arm/4.9_2015q3/bin/../lib/gcc/arm-none-eabi/4.9.3/../../../../arm-none-eabi/lib/armv7e-m/softfp/libc_nano.a(lib_a-impure.o)
 .data._impure_ptr
                0x00000000200002b8        0x4 /Applications/Simplicity Studio.app/Contents/Eclipse/developer/toolchains/gnu_arm/4.9_2015q3/bin/../lib/gcc/arm-none-eabi/4.9.3/../../../../arm-none-eabi/lib/armv7e-m/softfp/libc_nano.a(lib_a-impure.o)
                0x00000000200002b8                _impure_ptr
 .data._tzname  0x00000000200002bc        0x8 /Applications/Simplicity Studio.app/Contents/Eclipse/developer/toolchains/gnu_arm/4.9_2015q3/bin/../lib/gcc/arm-none-eabi/4.9.3/../../../../arm-none-eabi/lib/armv7e-m/softfp/libc_nano.a(lib_a-tzvars.o)
                0x00000000200002bc                _tzname
 .data.__ctype_ptr__
                0x00000000200002c4        0x4 /Applications/Simplicity Studio.app/Contents/Eclipse/developer/toolchains/gnu_arm/4.9_2015q3/bin/../lib/gcc/arm-none-eabi/4.9.3/../../../../arm-none-eabi/lib/armv7e-m/softfp/libc_nano.a(lib_a-ctype_.o)
                0x00000000200002c4                __ctype_ptr__
 .data.tzinfo   0x00000000200002c8       0x40 /Applications/Simplicity Studio.app/Contents/Eclipse/developer/toolchains/gnu_arm/4.9_2015q3/bin/../lib/gcc/arm-none-eabi/4.9.3/../../../../arm-none-eabi/lib/armv7e-m/softfp/libc_nano.a(lib_a-gettzinfo.o)
 .data.environ  0x0000000020000308        0x4 /Applications/Simplicity Studio.app/Contents/Eclipse/developer/toolchains/gnu_arm/4.9_2015q3/bin/../lib/gcc/arm-none-eabi/4.9.3/../../../../arm-none-eabi/lib/armv7e-m/softfp/libc_nano.a(lib_a-environ.o)
                0x0000000020000308                environ
                0x000000002000030c                . = ALIGN (0x4)
 *(.ram)
                0x000000002000030c                . = ALIGN (0x4)
                0x000000002000030c                PROVIDE (__preinit_array_start, .)
 *(.preinit_array)
                0x000000002000030c                PROVIDE (__preinit_array_end, .)
                0x000000002000030c                . = ALIGN (0x4)
                0x000000002000030c                PROVIDE (__init_array_start, .)
 *(SORT(.init_array.*))
 *(.init_array)
 .init_array    0x000000002000030c        0x4 /Applications/Simplicity Studio.app/Contents/Eclipse/developer/toolchains/gnu_arm/4.9_2015q3/bin/../lib/gcc/arm-none-eabi/4.9.3/armv7e-m/softfp/crtbegin.o
                0x0000000020000310                PROVIDE (__init_array_end, .)
                0x0000000020000310                . = ALIGN (0x4)
                0x0000000020000310                PROVIDE (__fini_array_start, .)
 *(SORT(.fini_array.*))
 *(.fini_array)
 .fini_array    0x0000000020000310        0x4 /Applications/Simplicity Studio.app/Contents/Eclipse/developer/toolchains/gnu_arm/4.9_2015q3/bin/../lib/gcc/arm-none-eabi/4.9.3/armv7e-m/softfp/crtbegin.o
                0x0000000020000314                PROVIDE (__fini_array_end, .)
 *(.jcr*)
 .jcr           0x0000000020000314        0x0 /Applications/Simplicity Studio.app/Contents/Eclipse/developer/toolchains/gnu_arm/4.9_2015q3/bin/../lib/gcc/arm-none-eabi/4.9.3/armv7e-m/softfp/crtbegin.o
 .jcr           0x0000000020000314        0x4 /Applications/Simplicity Studio.app/Contents/Eclipse/developer/toolchains/gnu_arm/4.9_2015q3/bin/../lib/gcc/arm-none-eabi/4.9.3/armv7e-m/softfp/crtend.o
                0x0000000020000318                . = ALIGN (0x4)
                0x0000000020000318                __data_end__ = .

.igot.plt       0x0000000020000318        0x0 load address 0x000000000000ed6c
 .igot.plt      0x0000000000000000        0x0 /Applications/Simplicity Studio.app/Contents/Eclipse/developer/toolchains/gnu_arm/4.9_2015q3/bin/../lib/gcc/arm-none-eabi/4.9.3/armv7e-m/softfp/crtbegin.o

.bss            0x0000000020000400     0x1070 load address 0x000000000000ef00
                0x0000000020000400                . = ALIGN (0x4)
                0x0000000020000400                __bss_start__ = .
 *(.bss*)
 .bss           0x0000000020000400       0x1c /Applications/Simplicity Studio.app/Contents/Eclipse/developer/toolchains/gnu_arm/4.9_2015q3/bin/../lib/gcc/arm-none-eabi/4.9.3/armv7e-m/softfp/crtbegin.o
 .bss.rtcCountsPerSec
                0x000000002000041c        0x2 ./Calendar/clock_tc.o
 *fill*         0x000000002000041e        0x2 
 .bss.rtcStartTime
                0x0000000020000420        0x4 ./Calendar/clock_tc.o
 .bss.rtcOverflowCounter
                0x0000000020000424        0x4 ./Calendar/clock_tc.o
 .bss.rtcOverflowInterval
                0x0000000020000428        0x4 ./Calendar/clock_tc.o
 .bss.rtcOverflowIntervalR
                0x000000002000042c        0x4 ./Calendar/clock_tc.o
 .bss.thermCalTemp
                0x0000000020000430        0x1 ./Calendar/clock_tc.o
 *fill*         0x0000000020000431        0x1 
 .bss.thermCalValue
                0x0000000020000432        0x2 ./Calendar/clock_tc.o
 .bss.tempCompAccumulator
                0x0000000020000434        0x4 ./Calendar/clock_tc.o
 .bss.tempCompInterval
                0x0000000020000438        0x4 ./Calendar/clock_tc.o
 .bss.accumulator.7366
                0x000000002000043c        0x4 ./Calendar/clock_tc.o
 .bss.CardType  0x0000000020000440        0x4 ./FatFS/silabs_diskio.o
 .bss.FatFs     0x0000000020000444        0x4 ./FatFS/src/ff.o
 .bss.Fsid      0x0000000020000448        0x2 ./FatFS/src/ff.o
 *fill*         0x000000002000044a        0x2 
 .bss.DirBuf    0x000000002000044c      0x260 ./FatFS/src/ff.o
 .bss.LfnBuf    0x00000000200006ac      0x200 ./FatFS/src/ff.o
 .bss.initialized
                0x00000000200008ac        0x1 ./emlib/dmadrv.o
 *fill*         0x00000000200008ad        0x3 
 .bss.chTable   0x00000000200008b0       0xf0 ./emlib/dmadrv.o
 .bss.INT_LockCnt
                0x00000000200009a0        0x4 ./emlib/em_int.o
                0x00000000200009a0                INT_LockCnt
 .bss.timeOut   0x00000000200009a4        0x4 ./emlib/microsd.o
 .bss.xfersPrMsec
                0x00000000200009a8        0x4 ./emlib/microsd.o
 .bss.gulclockset
                0x00000000200009ac        0x4 ./src/epsilometer_CMU_init.o
                0x00000000200009ac                gulclockset
 .bss.__malloc_sbrk_start
                0x00000000200009b0        0x4 /Applications/Simplicity Studio.app/Contents/Eclipse/developer/toolchains/gnu_arm/4.9_2015q3/bin/../lib/gcc/arm-none-eabi/4.9.3/../../../../arm-none-eabi/lib/armv7e-m/softfp/libc_nano.a(lib_a-nano-mallocr.o)
                0x00000000200009b0                __malloc_sbrk_start
 .bss.__malloc_free_list
                0x00000000200009b4        0x4 /Applications/Simplicity Studio.app/Contents/Eclipse/developer/toolchains/gnu_arm/4.9_2015q3/bin/../lib/gcc/arm-none-eabi/4.9.3/../../../../arm-none-eabi/lib/armv7e-m/softfp/libc_nano.a(lib_a-nano-mallocr.o)
                0x00000000200009b4                __malloc_free_list
 .bss._time_using_locale
                0x00000000200009b8        0x4 /Applications/Simplicity Studio.app/Contents/Eclipse/developer/toolchains/gnu_arm/4.9_2015q3/bin/../lib/gcc/arm-none-eabi/4.9.3/../../../../arm-none-eabi/lib/armv7e-m/softfp/libc_nano.a(lib_a-timelocal.o)
 .bss._time_locale
                0x00000000200009bc       0xfc /Applications/Simplicity Studio.app/Contents/Eclipse/developer/toolchains/gnu_arm/4.9_2015q3/bin/../lib/gcc/arm-none-eabi/4.9.3/../../../../arm-none-eabi/lib/armv7e-m/softfp/libc_nano.a(lib_a-timelocal.o)
 .bss.__tzname_dst
                0x0000000020000ab8        0xb /Applications/Simplicity Studio.app/Contents/Eclipse/developer/toolchains/gnu_arm/4.9_2015q3/bin/../lib/gcc/arm-none-eabi/4.9.3/../../../../arm-none-eabi/lib/armv7e-m/softfp/libc_nano.a(lib_a-tzset_r.o)
 .bss.__tzname_std